
/Users/admin/Desktop/dev/hoverboard-robot/.pio/build/gausstop_communication_diagnostic/firmware.elf:     file format elf32-littlearm


Disassembly of section .text:

08000168 <deregister_tm_clones>:
 8000168:	4803      	ldr	r0, [pc, #12]	@ (8000178 <deregister_tm_clones+0x10>)
 800016a:	4b04      	ldr	r3, [pc, #16]	@ (800017c <deregister_tm_clones+0x14>)
 800016c:	4283      	cmp	r3, r0
 800016e:	d002      	beq.n	8000176 <deregister_tm_clones+0xe>
 8000170:	4b03      	ldr	r3, [pc, #12]	@ (8000180 <deregister_tm_clones+0x18>)
 8000172:	b103      	cbz	r3, 8000176 <deregister_tm_clones+0xe>
 8000174:	4718      	bx	r3
 8000176:	4770      	bx	lr
 8000178:	20000040 	.word	0x20000040
 800017c:	20000040 	.word	0x20000040
 8000180:	00000000 	.word	0x00000000

08000184 <register_tm_clones>:
 8000184:	4805      	ldr	r0, [pc, #20]	@ (800019c <register_tm_clones+0x18>)
 8000186:	4b06      	ldr	r3, [pc, #24]	@ (80001a0 <register_tm_clones+0x1c>)
 8000188:	1a1b      	subs	r3, r3, r0
 800018a:	0fd9      	lsrs	r1, r3, #31
 800018c:	eb01 01a3 	add.w	r1, r1, r3, asr #2
 8000190:	1049      	asrs	r1, r1, #1
 8000192:	d002      	beq.n	800019a <register_tm_clones+0x16>
 8000194:	4b03      	ldr	r3, [pc, #12]	@ (80001a4 <register_tm_clones+0x20>)
 8000196:	b103      	cbz	r3, 800019a <register_tm_clones+0x16>
 8000198:	4718      	bx	r3
 800019a:	4770      	bx	lr
 800019c:	20000040 	.word	0x20000040
 80001a0:	20000040 	.word	0x20000040
 80001a4:	00000000 	.word	0x00000000

080001a8 <__do_global_dtors_aux>:
 80001a8:	b510      	push	{r4, lr}
 80001aa:	4c06      	ldr	r4, [pc, #24]	@ (80001c4 <__do_global_dtors_aux+0x1c>)
 80001ac:	7823      	ldrb	r3, [r4, #0]
 80001ae:	b943      	cbnz	r3, 80001c2 <__do_global_dtors_aux+0x1a>
 80001b0:	f7ff ffda 	bl	8000168 <deregister_tm_clones>
 80001b4:	4b04      	ldr	r3, [pc, #16]	@ (80001c8 <__do_global_dtors_aux+0x20>)
 80001b6:	b113      	cbz	r3, 80001be <__do_global_dtors_aux+0x16>
 80001b8:	4804      	ldr	r0, [pc, #16]	@ (80001cc <__do_global_dtors_aux+0x24>)
 80001ba:	f3af 8000 	nop.w
 80001be:	2301      	movs	r3, #1
 80001c0:	7023      	strb	r3, [r4, #0]
 80001c2:	bd10      	pop	{r4, pc}
 80001c4:	20000040 	.word	0x20000040
 80001c8:	00000000 	.word	0x00000000
 80001cc:	08000f00 	.word	0x08000f00

080001d0 <frame_dummy>:
 80001d0:	b508      	push	{r3, lr}
 80001d2:	4b05      	ldr	r3, [pc, #20]	@ (80001e8 <frame_dummy+0x18>)
 80001d4:	b11b      	cbz	r3, 80001de <frame_dummy+0xe>
 80001d6:	4905      	ldr	r1, [pc, #20]	@ (80001ec <frame_dummy+0x1c>)
 80001d8:	4805      	ldr	r0, [pc, #20]	@ (80001f0 <frame_dummy+0x20>)
 80001da:	f3af 8000 	nop.w
 80001de:	e8bd 4008 	ldmia.w	sp!, {r3, lr}
 80001e2:	f7ff bfcf 	b.w	8000184 <register_tm_clones>
 80001e6:	bf00      	nop
 80001e8:	00000000 	.word	0x00000000
 80001ec:	20000044 	.word	0x20000044
 80001f0:	08000f00 	.word	0x08000f00

080001f4 <Reset_Handler>:
 80001f4:	2100      	movs	r1, #0
 80001f6:	e003      	b.n	8000200 <LoopCopyDataInit>

080001f8 <CopyDataInit>:
 80001f8:	4b0b      	ldr	r3, [pc, #44]	@ (8000228 <LoopFillZerobss+0x14>)
 80001fa:	585b      	ldr	r3, [r3, r1]
 80001fc:	5043      	str	r3, [r0, r1]
 80001fe:	3104      	adds	r1, #4

08000200 <LoopCopyDataInit>:
 8000200:	480a      	ldr	r0, [pc, #40]	@ (800022c <LoopFillZerobss+0x18>)
 8000202:	4b0b      	ldr	r3, [pc, #44]	@ (8000230 <LoopFillZerobss+0x1c>)
 8000204:	1842      	adds	r2, r0, r1
 8000206:	429a      	cmp	r2, r3
 8000208:	d3f6      	bcc.n	80001f8 <CopyDataInit>
 800020a:	4a0a      	ldr	r2, [pc, #40]	@ (8000234 <LoopFillZerobss+0x20>)
 800020c:	e002      	b.n	8000214 <LoopFillZerobss>

0800020e <FillZerobss>:
 800020e:	2300      	movs	r3, #0
 8000210:	6013      	str	r3, [r2, #0]
 8000212:	3204      	adds	r2, #4

08000214 <LoopFillZerobss>:
 8000214:	4b08      	ldr	r3, [pc, #32]	@ (8000238 <LoopFillZerobss+0x24>)
 8000216:	429a      	cmp	r2, r3
 8000218:	d3f9      	bcc.n	800020e <FillZerobss>
 800021a:	f000 fbad 	bl	8000978 <SystemInit>
 800021e:	f000 fb79 	bl	8000914 <__libc_init_array>
 8000222:	f000 fa9d 	bl	8000760 <main>
 8000226:	4770      	bx	lr
 8000228:	08000f38 	.word	0x08000f38
 800022c:	20000000 	.word	0x20000000
 8000230:	20000040 	.word	0x20000040
 8000234:	20000040 	.word	0x20000040
 8000238:	20000060 	.word	0x20000060

0800023c <ADC_CMP_IRQHandler>:
 800023c:	e7fe      	b.n	800023c <ADC_CMP_IRQHandler>
	...

08000240 <SysTick_Handler>:
 8000240:	4a02      	ldr	r2, [pc, #8]	@ (800024c <SysTick_Handler+0xc>)
 8000242:	6813      	ldr	r3, [r2, #0]
 8000244:	3301      	adds	r3, #1
 8000246:	6013      	str	r3, [r2, #0]
 8000248:	4770      	bx	lr
 800024a:	bf00      	nop
 800024c:	2000005c 	.word	0x2000005c

08000250 <gs_board_safe_gpio_init>:
 8000250:	b510      	push	{r4, lr}
 8000252:	f240 5011 	movw	r0, #1297	@ 0x511
 8000256:	f000 fc4d 	bl	8000af4 <rcu_periph_clock_enable>
 800025a:	f240 5012 	movw	r0, #1298	@ 0x512
 800025e:	f000 fc49 	bl	8000af4 <rcu_periph_clock_enable>
 8000262:	f240 5013 	movw	r0, #1299	@ 0x513
 8000266:	f000 fc45 	bl	8000af4 <rcu_periph_clock_enable>
 800026a:	2104      	movs	r1, #4
 800026c:	4814      	ldr	r0, [pc, #80]	@ (80002c0 <gs_board_safe_gpio_init+0x70>)
 800026e:	f000 fc05 	bl	8000a7c <gpio_bit_reset>
 8000272:	2304      	movs	r3, #4
 8000274:	2200      	movs	r2, #0
 8000276:	2101      	movs	r1, #1
 8000278:	4811      	ldr	r0, [pc, #68]	@ (80002c0 <gs_board_safe_gpio_init+0x70>)
 800027a:	f000 fbbf 	bl	80009fc <gpio_mode_set>
 800027e:	2200      	movs	r2, #0
 8000280:	2304      	movs	r3, #4
 8000282:	4611      	mov	r1, r2
 8000284:	480e      	ldr	r0, [pc, #56]	@ (80002c0 <gs_board_safe_gpio_init+0x70>)
 8000286:	f000 fbdb 	bl	8000a40 <gpio_output_options_set>
 800028a:	2104      	movs	r1, #4
 800028c:	480c      	ldr	r0, [pc, #48]	@ (80002c0 <gs_board_safe_gpio_init+0x70>)
 800028e:	f000 fbf3 	bl	8000a78 <gpio_bit_set>
 8000292:	2310      	movs	r3, #16
 8000294:	2201      	movs	r2, #1
 8000296:	2100      	movs	r1, #0
 8000298:	f04f 4090 	mov.w	r0, #1207959552	@ 0x48000000
 800029c:	f000 fbae 	bl	80009fc <gpio_mode_set>
 80002a0:	2200      	movs	r2, #0
 80002a2:	2340      	movs	r3, #64	@ 0x40
 80002a4:	4611      	mov	r1, r2
 80002a6:	f04f 4090 	mov.w	r0, #1207959552	@ 0x48000000
 80002aa:	f000 fba7 	bl	80009fc <gpio_mode_set>
 80002ae:	e8bd 4010 	ldmia.w	sp!, {r4, lr}
 80002b2:	2200      	movs	r2, #0
 80002b4:	f44f 5380 	mov.w	r3, #4096	@ 0x1000
 80002b8:	4611      	mov	r1, r2
 80002ba:	4801      	ldr	r0, [pc, #4]	@ (80002c0 <gs_board_safe_gpio_init+0x70>)
 80002bc:	f000 bb9e 	b.w	80009fc <gpio_mode_set>
 80002c0:	48000400 	.word	0x48000400

080002c4 <gs_board_time_init>:
 80002c4:	b530      	push	{r4, r5, lr}
 80002c6:	2400      	movs	r4, #0
 80002c8:	4b16      	ldr	r3, [pc, #88]	@ (8000324 <gs_board_time_init+0x60>)
 80002ca:	b085      	sub	sp, #20
 80002cc:	f641 723f 	movw	r2, #7999	@ 0x1f3f
 80002d0:	601c      	str	r4, [r3, #0]
 80002d2:	f04f 23e0 	mov.w	r3, #3758153728	@ 0xe000e000
 80002d6:	21f0      	movs	r1, #240	@ 0xf0
 80002d8:	2507      	movs	r5, #7
 80002da:	615a      	str	r2, [r3, #20]
 80002dc:	4a12      	ldr	r2, [pc, #72]	@ (8000328 <gs_board_time_init+0x64>)
 80002de:	f44f 60e0 	mov.w	r0, #1792	@ 0x700
 80002e2:	f882 1023 	strb.w	r1, [r2, #35]	@ 0x23
 80002e6:	619c      	str	r4, [r3, #24]
 80002e8:	611d      	str	r5, [r3, #16]
 80002ea:	f000 fc03 	bl	8000af4 <rcu_periph_clock_enable>
 80002ee:	f04f 4080 	mov.w	r0, #1073741824	@ 0x40000000
 80002f2:	f000 fcc1 	bl	8000c78 <timer_deinit>
 80002f6:	220e      	movs	r2, #14
 80002f8:	4621      	mov	r1, r4
 80002fa:	f10d 0002 	add.w	r0, sp, #2
 80002fe:	f000 fb00 	bl	8000902 <memset>
 8000302:	f64f 73ff 	movw	r3, #65535	@ 0xffff
 8000306:	4669      	mov	r1, sp
 8000308:	f04f 4080 	mov.w	r0, #1073741824	@ 0x40000000
 800030c:	9302      	str	r3, [sp, #8]
 800030e:	f8ad 5000 	strh.w	r5, [sp]
 8000312:	f000 fd13 	bl	8000d3c <timer_init>
 8000316:	f04f 4080 	mov.w	r0, #1073741824	@ 0x40000000
 800031a:	f000 fd5b 	bl	8000dd4 <timer_enable>
 800031e:	b005      	add	sp, #20
 8000320:	bd30      	pop	{r4, r5, pc}
 8000322:	bf00      	nop
 8000324:	2000005c 	.word	0x2000005c
 8000328:	e000ed00 	.word	0xe000ed00

0800032c <gs_board_millis>:
 800032c:	4b01      	ldr	r3, [pc, #4]	@ (8000334 <gs_board_millis+0x8>)
 800032e:	6818      	ldr	r0, [r3, #0]
 8000330:	4770      	bx	lr
 8000332:	bf00      	nop
 8000334:	2000005c 	.word	0x2000005c

08000338 <gs_board_uart_init>:
 8000338:	e92d 43f8 	stmdb	sp!, {r3, r4, r5, r6, r7, r8, r9, lr}
 800033c:	4688      	mov	r8, r1
 800033e:	4605      	mov	r5, r0
 8000340:	2800      	cmp	r0, #0
 8000342:	d13e      	bne.n	80003c2 <gs_board_uart_init+0x8a>
 8000344:	4681      	mov	r9, r0
 8000346:	27c0      	movs	r7, #192	@ 0xc0
 8000348:	f240 600e 	movw	r0, #1550	@ 0x60e
 800034c:	4c21      	ldr	r4, [pc, #132]	@ (80003d4 <gs_board_uart_init+0x9c>)
 800034e:	4e22      	ldr	r6, [pc, #136]	@ (80003d8 <gs_board_uart_init+0xa0>)
 8000350:	f000 fbd0 	bl	8000af4 <rcu_periph_clock_enable>
 8000354:	463a      	mov	r2, r7
 8000356:	4649      	mov	r1, r9
 8000358:	4630      	mov	r0, r6
 800035a:	f000 fb91 	bl	8000a80 <gpio_af_set>
 800035e:	463b      	mov	r3, r7
 8000360:	4630      	mov	r0, r6
 8000362:	2201      	movs	r2, #1
 8000364:	2102      	movs	r1, #2
 8000366:	f000 fb49 	bl	80009fc <gpio_mode_set>
 800036a:	2200      	movs	r2, #0
 800036c:	463b      	mov	r3, r7
 800036e:	4611      	mov	r1, r2
 8000370:	4630      	mov	r0, r6
 8000372:	f000 fb65 	bl	8000a40 <gpio_output_options_set>
 8000376:	4620      	mov	r0, r4
 8000378:	f000 fd32 	bl	8000de0 <usart_deinit>
 800037c:	2d00      	cmp	r5, #0
 800037e:	bf14      	ite	ne
 8000380:	f44f 31e1 	movne.w	r1, #115200	@ 0x1c200
 8000384:	f44f 4196 	moveq.w	r1, #19200	@ 0x4b00
 8000388:	4620      	mov	r0, r4
 800038a:	f000 fd45 	bl	8000e18 <usart_baudrate_set>
 800038e:	4620      	mov	r0, r4
 8000390:	2100      	movs	r1, #0
 8000392:	f000 fd77 	bl	8000e84 <usart_word_length_set>
 8000396:	4620      	mov	r0, r4
 8000398:	2100      	movs	r1, #0
 800039a:	f000 fd7f 	bl	8000e9c <usart_stop_bit_set>
 800039e:	4620      	mov	r0, r4
 80003a0:	2100      	movs	r1, #0
 80003a2:	f000 fd63 	bl	8000e6c <usart_parity_config>
 80003a6:	4620      	mov	r0, r4
 80003a8:	2104      	movs	r1, #4
 80003aa:	f000 fd90 	bl	8000ece <usart_receive_config>
 80003ae:	4620      	mov	r0, r4
 80003b0:	ea4f 01c8 	mov.w	r1, r8, lsl #3
 80003b4:	f000 fd83 	bl	8000ebe <usart_transmit_config>
 80003b8:	4620      	mov	r0, r4
 80003ba:	e8bd 43f8 	ldmia.w	sp!, {r3, r4, r5, r6, r7, r8, r9, lr}
 80003be:	f000 bd79 	b.w	8000eb4 <usart_enable>
 80003c2:	f04f 0901 	mov.w	r9, #1
 80003c6:	270c      	movs	r7, #12
 80003c8:	f04f 4690 	mov.w	r6, #1207959552	@ 0x48000000
 80003cc:	f240 7011 	movw	r0, #1809	@ 0x711
 80003d0:	4c02      	ldr	r4, [pc, #8]	@ (80003dc <gs_board_uart_init+0xa4>)
 80003d2:	e7bd      	b.n	8000350 <gs_board_uart_init+0x18>
 80003d4:	40013800 	.word	0x40013800
 80003d8:	48000400 	.word	0x48000400
 80003dc:	40004400 	.word	0x40004400

080003e0 <gs_board_uart_read>:
 80003e0:	b538      	push	{r3, r4, r5, lr}
 80003e2:	4d0b      	ldr	r5, [pc, #44]	@ (8000410 <gs_board_uart_read+0x30>)
 80003e4:	4b0b      	ldr	r3, [pc, #44]	@ (8000414 <gs_board_uart_read+0x34>)
 80003e6:	460c      	mov	r4, r1
 80003e8:	2800      	cmp	r0, #0
 80003ea:	bf08      	it	eq
 80003ec:	461d      	moveq	r5, r3
 80003ee:	b909      	cbnz	r1, 80003f4 <gs_board_uart_read+0x14>
 80003f0:	2000      	movs	r0, #0
 80003f2:	bd38      	pop	{r3, r4, r5, pc}
 80003f4:	f240 7105 	movw	r1, #1797	@ 0x705
 80003f8:	4628      	mov	r0, r5
 80003fa:	f000 fd78 	bl	8000eee <usart_flag_get>
 80003fe:	2800      	cmp	r0, #0
 8000400:	d0f6      	beq.n	80003f0 <gs_board_uart_read+0x10>
 8000402:	4628      	mov	r0, r5
 8000404:	f000 fd6f 	bl	8000ee6 <usart_data_receive>
 8000408:	7020      	strb	r0, [r4, #0]
 800040a:	2001      	movs	r0, #1
 800040c:	e7f1      	b.n	80003f2 <gs_board_uart_read+0x12>
 800040e:	bf00      	nop
 8000410:	40004400 	.word	0x40004400
 8000414:	40013800 	.word	0x40013800

08000418 <gs_board_uart_write>:
 8000418:	b5f8      	push	{r3, r4, r5, r6, r7, lr}
 800041a:	4e10      	ldr	r6, [pc, #64]	@ (800045c <gs_board_uart_write+0x44>)
 800041c:	4b10      	ldr	r3, [pc, #64]	@ (8000460 <gs_board_uart_write+0x48>)
 800041e:	460c      	mov	r4, r1
 8000420:	2800      	cmp	r0, #0
 8000422:	bf08      	it	eq
 8000424:	461e      	moveq	r6, r3
 8000426:	b169      	cbz	r1, 8000444 <gs_board_uart_write+0x2c>
 8000428:	188d      	adds	r5, r1, r2
 800042a:	42ac      	cmp	r4, r5
 800042c:	d10c      	bne.n	8000448 <gs_board_uart_write+0x30>
 800042e:	2001      	movs	r0, #1
 8000430:	bdf8      	pop	{r3, r4, r5, r6, r7, pc}
 8000432:	3f01      	subs	r7, #1
 8000434:	f240 7107 	movw	r1, #1799	@ 0x707
 8000438:	4630      	mov	r0, r6
 800043a:	f000 fd58 	bl	8000eee <usart_flag_get>
 800043e:	b928      	cbnz	r0, 800044c <gs_board_uart_write+0x34>
 8000440:	2f00      	cmp	r7, #0
 8000442:	d1f6      	bne.n	8000432 <gs_board_uart_write+0x1a>
 8000444:	2000      	movs	r0, #0
 8000446:	e7f3      	b.n	8000430 <gs_board_uart_write+0x18>
 8000448:	4f06      	ldr	r7, [pc, #24]	@ (8000464 <gs_board_uart_write+0x4c>)
 800044a:	e7f3      	b.n	8000434 <gs_board_uart_write+0x1c>
 800044c:	2f00      	cmp	r7, #0
 800044e:	d0f9      	beq.n	8000444 <gs_board_uart_write+0x2c>
 8000450:	4630      	mov	r0, r6
 8000452:	f814 1b01 	ldrb.w	r1, [r4], #1
 8000456:	f000 fd42 	bl	8000ede <usart_data_transmit>
 800045a:	e7e6      	b.n	800042a <gs_board_uart_write+0x12>
 800045c:	40004400 	.word	0x40004400
 8000460:	40013800 	.word	0x40013800
 8000464:	000186a0 	.word	0x000186a0

08000468 <gs_frame_parser_init>:
 8000468:	b5f8      	push	{r3, r4, r5, r6, r7, lr}
 800046a:	460f      	mov	r7, r1
 800046c:	4615      	mov	r5, r2
 800046e:	461e      	mov	r6, r3
 8000470:	4604      	mov	r4, r0
 8000472:	b1b8      	cbz	r0, 80004a4 <gs_frame_parser_init+0x3c>
 8000474:	222c      	movs	r2, #44	@ 0x2c
 8000476:	2100      	movs	r1, #0
 8000478:	f000 fa43 	bl	8000902 <memset>
 800047c:	b197      	cbz	r7, 80004a4 <gs_frame_parser_init+0x3c>
 800047e:	1e6b      	subs	r3, r5, #1
 8000480:	2b01      	cmp	r3, #1
 8000482:	d80f      	bhi.n	80004a4 <gs_frame_parser_init+0x3c>
 8000484:	2d01      	cmp	r5, #1
 8000486:	bf0c      	ite	eq
 8000488:	2303      	moveq	r3, #3
 800048a:	2304      	movne	r3, #4
 800048c:	429e      	cmp	r6, r3
 800048e:	d309      	bcc.n	80004a4 <gs_frame_parser_init+0x3c>
 8000490:	2e1a      	cmp	r6, #26
 8000492:	d807      	bhi.n	80004a4 <gs_frame_parser_init+0x3c>
 8000494:	462a      	mov	r2, r5
 8000496:	4639      	mov	r1, r7
 8000498:	f104 001a 	add.w	r0, r4, #26
 800049c:	f000 fa5e 	bl	800095c <memcpy>
 80004a0:	e9c4 6508 	strd	r6, r5, [r4, #32]
 80004a4:	bdf8      	pop	{r3, r4, r5, r6, r7, pc}

080004a6 <gs_frame_parser_feed>:
 80004a6:	e92d 41f0 	stmdb	sp!, {r4, r5, r6, r7, r8, lr}
 80004aa:	461f      	mov	r7, r3
 80004ac:	4604      	mov	r4, r0
 80004ae:	b1a8      	cbz	r0, 80004dc <gs_frame_parser_feed+0x36>
 80004b0:	6a06      	ldr	r6, [r0, #32]
 80004b2:	b19e      	cbz	r6, 80004dc <gs_frame_parser_feed+0x36>
 80004b4:	69c5      	ldr	r5, [r0, #28]
 80004b6:	b12d      	cbz	r5, 80004c4 <gs_frame_parser_feed+0x1e>
 80004b8:	6a83      	ldr	r3, [r0, #40]	@ 0x28
 80004ba:	1ad3      	subs	r3, r2, r3
 80004bc:	2b64      	cmp	r3, #100	@ 0x64
 80004be:	d902      	bls.n	80004c6 <gs_frame_parser_feed+0x20>
 80004c0:	2300      	movs	r3, #0
 80004c2:	61c3      	str	r3, [r0, #28]
 80004c4:	2500      	movs	r5, #0
 80004c6:	6a63      	ldr	r3, [r4, #36]	@ 0x24
 80004c8:	42ab      	cmp	r3, r5
 80004ca:	d915      	bls.n	80004f8 <gs_frame_parser_feed+0x52>
 80004cc:	b94d      	cbnz	r5, 80004e2 <gs_frame_parser_feed+0x3c>
 80004ce:	7ea3      	ldrb	r3, [r4, #26]
 80004d0:	428b      	cmp	r3, r1
 80004d2:	d103      	bne.n	80004dc <gs_frame_parser_feed+0x36>
 80004d4:	2301      	movs	r3, #1
 80004d6:	7021      	strb	r1, [r4, #0]
 80004d8:	61e3      	str	r3, [r4, #28]
 80004da:	62a2      	str	r2, [r4, #40]	@ 0x28
 80004dc:	2000      	movs	r0, #0
 80004de:	e8bd 81f0 	ldmia.w	sp!, {r4, r5, r6, r7, r8, pc}
 80004e2:	1963      	adds	r3, r4, r5
 80004e4:	7e9b      	ldrb	r3, [r3, #26]
 80004e6:	428b      	cmp	r3, r1
 80004e8:	d103      	bne.n	80004f2 <gs_frame_parser_feed+0x4c>
 80004ea:	1c6b      	adds	r3, r5, #1
 80004ec:	61e3      	str	r3, [r4, #28]
 80004ee:	5561      	strb	r1, [r4, r5]
 80004f0:	e7f3      	b.n	80004da <gs_frame_parser_feed+0x34>
 80004f2:	2300      	movs	r3, #0
 80004f4:	61e3      	str	r3, [r4, #28]
 80004f6:	e7ea      	b.n	80004ce <gs_frame_parser_feed+0x28>
 80004f8:	42ae      	cmp	r6, r5
 80004fa:	d904      	bls.n	8000506 <gs_frame_parser_feed+0x60>
 80004fc:	1c6b      	adds	r3, r5, #1
 80004fe:	61e3      	str	r3, [r4, #28]
 8000500:	5561      	strb	r1, [r4, r5]
 8000502:	461d      	mov	r5, r3
 8000504:	62a2      	str	r2, [r4, #40]	@ 0x28
 8000506:	42ae      	cmp	r6, r5
 8000508:	d1e8      	bne.n	80004dc <gs_frame_parser_feed+0x36>
 800050a:	1eb1      	subs	r1, r6, #2
 800050c:	4426      	add	r6, r4
 800050e:	f816 3c01 	ldrb.w	r3, [r6, #-1]
 8000512:	5c65      	ldrb	r5, [r4, r1]
 8000514:	4620      	mov	r0, r4
 8000516:	ea45 2503 	orr.w	r5, r5, r3, lsl #8
 800051a:	f000 f833 	bl	8000584 <gs_crc16>
 800051e:	4285      	cmp	r5, r0
 8000520:	d007      	beq.n	8000532 <gs_frame_parser_feed+0x8c>
 8000522:	2601      	movs	r6, #1
 8000524:	69e5      	ldr	r5, [r4, #28]
 8000526:	f104 081a 	add.w	r8, r4, #26
 800052a:	42ae      	cmp	r6, r5
 800052c:	d30b      	bcc.n	8000546 <gs_frame_parser_feed+0xa0>
 800052e:	2500      	movs	r5, #0
 8000530:	e019      	b.n	8000566 <gs_frame_parser_feed+0xc0>
 8000532:	b127      	cbz	r7, 800053e <gs_frame_parser_feed+0x98>
 8000534:	4621      	mov	r1, r4
 8000536:	4638      	mov	r0, r7
 8000538:	6a22      	ldr	r2, [r4, #32]
 800053a:	f000 fa0f 	bl	800095c <memcpy>
 800053e:	2300      	movs	r3, #0
 8000540:	2001      	movs	r0, #1
 8000542:	61e3      	str	r3, [r4, #28]
 8000544:	e7cb      	b.n	80004de <gs_frame_parser_feed+0x38>
 8000546:	6a62      	ldr	r2, [r4, #36]	@ 0x24
 8000548:	18b3      	adds	r3, r6, r2
 800054a:	429d      	cmp	r5, r3
 800054c:	d30e      	bcc.n	800056c <gs_frame_parser_feed+0xc6>
 800054e:	19a7      	adds	r7, r4, r6
 8000550:	4641      	mov	r1, r8
 8000552:	4638      	mov	r0, r7
 8000554:	f000 f9ac 	bl	80008b0 <memcmp>
 8000558:	b940      	cbnz	r0, 800056c <gs_frame_parser_feed+0xc6>
 800055a:	1bad      	subs	r5, r5, r6
 800055c:	462a      	mov	r2, r5
 800055e:	4639      	mov	r1, r7
 8000560:	4620      	mov	r0, r4
 8000562:	f000 f9b5 	bl	80008d0 <memmove>
 8000566:	2002      	movs	r0, #2
 8000568:	61e5      	str	r5, [r4, #28]
 800056a:	e7b8      	b.n	80004de <gs_frame_parser_feed+0x38>
 800056c:	3601      	adds	r6, #1
 800056e:	e7dc      	b.n	800052a <gs_frame_parser_feed+0x84>

08000570 <write_u32>:
 8000570:	0a0b      	lsrs	r3, r1, #8
 8000572:	7001      	strb	r1, [r0, #0]
 8000574:	7043      	strb	r3, [r0, #1]
 8000576:	0c0b      	lsrs	r3, r1, #16
 8000578:	0e09      	lsrs	r1, r1, #24
 800057a:	7083      	strb	r3, [r0, #2]
 800057c:	70c1      	strb	r1, [r0, #3]
 800057e:	4770      	bx	lr

08000580 <read_u32>:
 8000580:	6800      	ldr	r0, [r0, #0]
 8000582:	4770      	bx	lr

08000584 <gs_crc16>:
 8000584:	b530      	push	{r4, r5, lr}
 8000586:	b900      	cbnz	r0, 800058a <gs_crc16+0x6>
 8000588:	b931      	cbnz	r1, 8000598 <gs_crc16+0x14>
 800058a:	4603      	mov	r3, r0
 800058c:	4401      	add	r1, r0
 800058e:	f241 0421 	movw	r4, #4129	@ 0x1021
 8000592:	2000      	movs	r0, #0
 8000594:	428b      	cmp	r3, r1
 8000596:	d100      	bne.n	800059a <gs_crc16+0x16>
 8000598:	bd30      	pop	{r4, r5, pc}
 800059a:	f813 2b01 	ldrb.w	r2, [r3], #1
 800059e:	ea80 2002 	eor.w	r0, r0, r2, lsl #8
 80005a2:	2208      	movs	r2, #8
 80005a4:	b205      	sxth	r5, r0
 80005a6:	0040      	lsls	r0, r0, #1
 80005a8:	2d00      	cmp	r5, #0
 80005aa:	b280      	uxth	r0, r0
 80005ac:	bfb8      	it	lt
 80005ae:	4060      	eorlt	r0, r4
 80005b0:	3a01      	subs	r2, #1
 80005b2:	d1f7      	bne.n	80005a4 <gs_crc16+0x20>
 80005b4:	e7ee      	b.n	8000594 <gs_crc16+0x10>

080005b6 <append_crc>:
 80005b6:	b570      	push	{r4, r5, r6, lr}
 80005b8:	1e8c      	subs	r4, r1, #2
 80005ba:	4621      	mov	r1, r4
 80005bc:	4605      	mov	r5, r0
 80005be:	1906      	adds	r6, r0, r4
 80005c0:	f7ff ffe0 	bl	8000584 <gs_crc16>
 80005c4:	5528      	strb	r0, [r5, r4]
 80005c6:	0a00      	lsrs	r0, r0, #8
 80005c8:	7070      	strb	r0, [r6, #1]
 80005ca:	bd70      	pop	{r4, r5, r6, pc}

080005cc <crc_matches>:
 80005cc:	b538      	push	{r3, r4, r5, lr}
 80005ce:	4605      	mov	r5, r0
 80005d0:	1e8c      	subs	r4, r1, #2
 80005d2:	4621      	mov	r1, r4
 80005d4:	f7ff ffd6 	bl	8000584 <gs_crc16>
 80005d8:	5b2b      	ldrh	r3, [r5, r4]
 80005da:	1a1b      	subs	r3, r3, r0
 80005dc:	4258      	negs	r0, r3
 80005de:	4158      	adcs	r0, r3
 80005e0:	bd38      	pop	{r3, r4, r5, pc}

080005e2 <gs_decode_esp_command>:
 80005e2:	b5f8      	push	{r3, r4, r5, r6, r7, lr}
 80005e4:	460c      	mov	r4, r1
 80005e6:	4605      	mov	r5, r0
 80005e8:	b328      	cbz	r0, 8000636 <gs_decode_esp_command+0x54>
 80005ea:	b321      	cbz	r1, 8000636 <gs_decode_esp_command+0x54>
 80005ec:	780b      	ldrb	r3, [r1, #0]
 80005ee:	2b2f      	cmp	r3, #47	@ 0x2f
 80005f0:	d121      	bne.n	8000636 <gs_decode_esp_command+0x54>
 80005f2:	2109      	movs	r1, #9
 80005f4:	4620      	mov	r0, r4
 80005f6:	f7ff ffe9 	bl	80005cc <crc_matches>
 80005fa:	b1d8      	cbz	r0, 8000634 <gs_decode_esp_command+0x52>
 80005fc:	f8b4 6001 	ldrh.w	r6, [r4, #1]
 8000600:	f506 737a 	add.w	r3, r6, #1000	@ 0x3e8
 8000604:	b29b      	uxth	r3, r3
 8000606:	f5b3 6ffa 	cmp.w	r3, #2000	@ 0x7d0
 800060a:	d814      	bhi.n	8000636 <gs_decode_esp_command+0x54>
 800060c:	f8b4 1003 	ldrh.w	r1, [r4, #3]
 8000610:	f501 737a 	add.w	r3, r1, #1000	@ 0x3e8
 8000614:	b29b      	uxth	r3, r3
 8000616:	f5b3 6ffa 	cmp.w	r3, #2000	@ 0x7d0
 800061a:	d80c      	bhi.n	8000636 <gs_decode_esp_command+0x54>
 800061c:	7962      	ldrb	r2, [r4, #5]
 800061e:	79a3      	ldrb	r3, [r4, #6]
 8000620:	f002 071e 	and.w	r7, r2, #30
 8000624:	f003 043e 	and.w	r4, r3, #62	@ 0x3e
 8000628:	433c      	orrs	r4, r7
 800062a:	d104      	bne.n	8000636 <gs_decode_esp_command+0x54>
 800062c:	802e      	strh	r6, [r5, #0]
 800062e:	8069      	strh	r1, [r5, #2]
 8000630:	712a      	strb	r2, [r5, #4]
 8000632:	716b      	strb	r3, [r5, #5]
 8000634:	bdf8      	pop	{r3, r4, r5, r6, r7, pc}
 8000636:	2000      	movs	r0, #0
 8000638:	e7fc      	b.n	8000634 <gs_decode_esp_command+0x52>

0800063a <gs_encode_slave_command>:
 800063a:	b508      	push	{r3, lr}
 800063c:	b1d0      	cbz	r0, 8000674 <gs_encode_slave_command+0x3a>
 800063e:	b1c9      	cbz	r1, 8000674 <gs_encode_slave_command+0x3a>
 8000640:	880a      	ldrh	r2, [r1, #0]
 8000642:	f502 727a 	add.w	r2, r2, #1000	@ 0x3e8
 8000646:	b292      	uxth	r2, r2
 8000648:	f5b2 6ffa 	cmp.w	r2, #2000	@ 0x7d0
 800064c:	d812      	bhi.n	8000674 <gs_encode_slave_command+0x3a>
 800064e:	788a      	ldrb	r2, [r1, #2]
 8000650:	f012 0f3e 	tst.w	r2, #62	@ 0x3e
 8000654:	d10e      	bne.n	8000674 <gs_encode_slave_command+0x3a>
 8000656:	222f      	movs	r2, #47	@ 0x2f
 8000658:	7002      	strb	r2, [r0, #0]
 800065a:	f9b1 2000 	ldrsh.w	r2, [r1]
 800065e:	7042      	strb	r2, [r0, #1]
 8000660:	f3c2 2207 	ubfx	r2, r2, #8, #8
 8000664:	7082      	strb	r2, [r0, #2]
 8000666:	788a      	ldrb	r2, [r1, #2]
 8000668:	2106      	movs	r1, #6
 800066a:	70c2      	strb	r2, [r0, #3]
 800066c:	f7ff ffa3 	bl	80005b6 <append_crc>
 8000670:	2001      	movs	r0, #1
 8000672:	bd08      	pop	{r3, pc}
 8000674:	2000      	movs	r0, #0
 8000676:	e7fc      	b.n	8000672 <gs_encode_slave_command+0x38>

08000678 <gs_decode_slave_feedback>:
 8000678:	b538      	push	{r3, r4, r5, lr}
 800067a:	460c      	mov	r4, r1
 800067c:	4605      	mov	r5, r0
 800067e:	b1a8      	cbz	r0, 80006ac <gs_decode_slave_feedback+0x34>
 8000680:	b1a1      	cbz	r1, 80006ac <gs_decode_slave_feedback+0x34>
 8000682:	780b      	ldrb	r3, [r1, #0]
 8000684:	2b2f      	cmp	r3, #47	@ 0x2f
 8000686:	d111      	bne.n	80006ac <gs_decode_slave_feedback+0x34>
 8000688:	210c      	movs	r1, #12
 800068a:	4620      	mov	r0, r4
 800068c:	f7ff ff9e 	bl	80005cc <crc_matches>
 8000690:	4603      	mov	r3, r0
 8000692:	b148      	cbz	r0, 80006a8 <gs_decode_slave_feedback+0x30>
 8000694:	7862      	ldrb	r2, [r4, #1]
 8000696:	1ca0      	adds	r0, r4, #2
 8000698:	702a      	strb	r2, [r5, #0]
 800069a:	f7ff ff71 	bl	8000580 <read_u32>
 800069e:	6068      	str	r0, [r5, #4]
 80006a0:	1da0      	adds	r0, r4, #6
 80006a2:	f7ff ff6d 	bl	8000580 <read_u32>
 80006a6:	60a8      	str	r0, [r5, #8]
 80006a8:	4618      	mov	r0, r3
 80006aa:	bd38      	pop	{r3, r4, r5, pc}
 80006ac:	2300      	movs	r3, #0
 80006ae:	e7fb      	b.n	80006a8 <gs_decode_slave_feedback+0x30>

080006b0 <gs_encode_master_feedback>:
 80006b0:	b510      	push	{r4, lr}
 80006b2:	4602      	mov	r2, r0
 80006b4:	460c      	mov	r4, r1
 80006b6:	b390      	cbz	r0, 800071e <gs_encode_master_feedback+0x6e>
 80006b8:	b391      	cbz	r1, 8000720 <gs_encode_master_feedback+0x70>
 80006ba:	23cd      	movs	r3, #205	@ 0xcd
 80006bc:	7003      	strb	r3, [r0, #0]
 80006be:	23ab      	movs	r3, #171	@ 0xab
 80006c0:	7043      	strb	r3, [r0, #1]
 80006c2:	780b      	ldrb	r3, [r1, #0]
 80006c4:	3008      	adds	r0, #8
 80006c6:	f800 3c06 	strb.w	r3, [r0, #-6]
 80006ca:	784b      	ldrb	r3, [r1, #1]
 80006cc:	f800 3c05 	strb.w	r3, [r0, #-5]
 80006d0:	f9b1 3002 	ldrsh.w	r3, [r1, #2]
 80006d4:	f800 3c04 	strb.w	r3, [r0, #-4]
 80006d8:	f3c3 2307 	ubfx	r3, r3, #8, #8
 80006dc:	f800 3c03 	strb.w	r3, [r0, #-3]
 80006e0:	f9b1 3004 	ldrsh.w	r3, [r1, #4]
 80006e4:	f800 3c02 	strb.w	r3, [r0, #-2]
 80006e8:	f3c3 2307 	ubfx	r3, r3, #8, #8
 80006ec:	f800 3c01 	strb.w	r3, [r0, #-1]
 80006f0:	6889      	ldr	r1, [r1, #8]
 80006f2:	f7ff ff3d 	bl	8000570 <write_u32>
 80006f6:	f102 000c 	add.w	r0, r2, #12
 80006fa:	68e1      	ldr	r1, [r4, #12]
 80006fc:	f7ff ff38 	bl	8000570 <write_u32>
 8000700:	f102 0010 	add.w	r0, r2, #16
 8000704:	6921      	ldr	r1, [r4, #16]
 8000706:	f7ff ff33 	bl	8000570 <write_u32>
 800070a:	f102 0014 	add.w	r0, r2, #20
 800070e:	6961      	ldr	r1, [r4, #20]
 8000710:	f7ff ff2e 	bl	8000570 <write_u32>
 8000714:	4610      	mov	r0, r2
 8000716:	211a      	movs	r1, #26
 8000718:	f7ff ff4d 	bl	80005b6 <append_crc>
 800071c:	2001      	movs	r0, #1
 800071e:	bd10      	pop	{r4, pc}
 8000720:	4608      	mov	r0, r1
 8000722:	e7fc      	b.n	800071e <gs_encode_master_feedback+0x6e>

08000724 <send_remote_feedback>:
 8000724:	b510      	push	{r4, lr}
 8000726:	2400      	movs	r4, #0
 8000728:	7803      	ldrb	r3, [r0, #0]
 800072a:	b08e      	sub	sp, #56	@ 0x38
 800072c:	f88d 3005 	strb.w	r3, [sp, #5]
 8000730:	6843      	ldr	r3, [r0, #4]
 8000732:	f88d 4004 	strb.w	r4, [sp, #4]
 8000736:	e9cd 3104 	strd	r3, r1, [sp, #16]
 800073a:	6883      	ldr	r3, [r0, #8]
 800073c:	a901      	add	r1, sp, #4
 800073e:	a807      	add	r0, sp, #28
 8000740:	f8ad 4006 	strh.w	r4, [sp, #6]
 8000744:	f8ad 4008 	strh.w	r4, [sp, #8]
 8000748:	9403      	str	r4, [sp, #12]
 800074a:	9306      	str	r3, [sp, #24]
 800074c:	f7ff ffb0 	bl	80006b0 <gs_encode_master_feedback>
 8000750:	b120      	cbz	r0, 800075c <send_remote_feedback+0x38>
 8000752:	221a      	movs	r2, #26
 8000754:	4620      	mov	r0, r4
 8000756:	a907      	add	r1, sp, #28
 8000758:	f7ff fe5e 	bl	8000418 <gs_board_uart_write>
 800075c:	b00e      	add	sp, #56	@ 0x38
 800075e:	bd10      	pop	{r4, pc}

08000760 <main>:
 8000760:	e92d 43f0 	stmdb	sp!, {r4, r5, r6, r7, r8, r9, lr}
 8000764:	b0a5      	sub	sp, #148	@ 0x94
 8000766:	f7ff fd73 	bl	8000250 <gs_board_safe_gpio_init>
 800076a:	f7ff fdab 	bl	80002c4 <gs_board_time_init>
 800076e:	2101      	movs	r1, #1
 8000770:	2000      	movs	r0, #0
 8000772:	f7ff fde1 	bl	8000338 <gs_board_uart_init>
 8000776:	2101      	movs	r1, #1
 8000778:	2400      	movs	r4, #0
 800077a:	4608      	mov	r0, r1
 800077c:	f7ff fddc 	bl	8000338 <gs_board_uart_init>
 8000780:	232f      	movs	r3, #47	@ 0x2f
 8000782:	46a0      	mov	r8, r4
 8000784:	4627      	mov	r7, r4
 8000786:	46a1      	mov	r9, r4
 8000788:	2201      	movs	r2, #1
 800078a:	4669      	mov	r1, sp
 800078c:	f88d 3000 	strb.w	r3, [sp]
 8000790:	a80e      	add	r0, sp, #56	@ 0x38
 8000792:	2309      	movs	r3, #9
 8000794:	f7ff fe68 	bl	8000468 <gs_frame_parser_init>
 8000798:	230c      	movs	r3, #12
 800079a:	2201      	movs	r2, #1
 800079c:	4669      	mov	r1, sp
 800079e:	a819      	add	r0, sp, #100	@ 0x64
 80007a0:	f7ff fe62 	bl	8000468 <gs_frame_parser_init>
 80007a4:	e9cd 4405 	strd	r4, r4, [sp, #20]
 80007a8:	4d40      	ldr	r5, [pc, #256]	@ (80008ac <main+0x14c>)
 80007aa:	f88d 4010 	strb.w	r4, [sp, #16]
 80007ae:	f88d 9003 	strb.w	r9, [sp, #3]
 80007b2:	2000      	movs	r0, #0
 80007b4:	f10d 0103 	add.w	r1, sp, #3
 80007b8:	f7ff fe12 	bl	80003e0 <gs_board_uart_read>
 80007bc:	bb68      	cbnz	r0, 800081a <main+0xba>
 80007be:	2001      	movs	r0, #1
 80007c0:	f10d 0103 	add.w	r1, sp, #3
 80007c4:	f7ff fe0c 	bl	80003e0 <gs_board_uart_read>
 80007c8:	2800      	cmp	r0, #0
 80007ca:	d159      	bne.n	8000880 <main+0x120>
 80007cc:	f7ff fdae 	bl	800032c <gs_board_millis>
 80007d0:	eba0 0308 	sub.w	r3, r0, r8
 80007d4:	2b00      	cmp	r3, #0
 80007d6:	4606      	mov	r6, r0
 80007d8:	db09      	blt.n	80007ee <main+0x8e>
 80007da:	4621      	mov	r1, r4
 80007dc:	a804      	add	r0, sp, #16
 80007de:	f7ff ffa1 	bl	8000724 <send_remote_feedback>
 80007e2:	b110      	cbz	r0, 80007ea <main+0x8a>
 80007e4:	69ab      	ldr	r3, [r5, #24]
 80007e6:	3301      	adds	r3, #1
 80007e8:	61ab      	str	r3, [r5, #24]
 80007ea:	f106 0864 	add.w	r8, r6, #100	@ 0x64
 80007ee:	1bf3      	subs	r3, r6, r7
 80007f0:	2b00      	cmp	r3, #0
 80007f2:	dbdc      	blt.n	80007ae <main+0x4e>
 80007f4:	2340      	movs	r3, #64	@ 0x40
 80007f6:	a901      	add	r1, sp, #4
 80007f8:	a802      	add	r0, sp, #8
 80007fa:	f8ad 9004 	strh.w	r9, [sp, #4]
 80007fe:	f88d 3006 	strb.w	r3, [sp, #6]
 8000802:	f106 0714 	add.w	r7, r6, #20
 8000806:	f7ff ff18 	bl	800063a <gs_encode_slave_command>
 800080a:	2800      	cmp	r0, #0
 800080c:	d0cf      	beq.n	80007ae <main+0x4e>
 800080e:	2206      	movs	r2, #6
 8000810:	a902      	add	r1, sp, #8
 8000812:	2001      	movs	r0, #1
 8000814:	f7ff fe00 	bl	8000418 <gs_board_uart_write>
 8000818:	e7c9      	b.n	80007ae <main+0x4e>
 800081a:	69eb      	ldr	r3, [r5, #28]
 800081c:	f89d 6003 	ldrb.w	r6, [sp, #3]
 8000820:	f003 021f 	and.w	r2, r3, #31
 8000824:	442a      	add	r2, r5
 8000826:	3301      	adds	r3, #1
 8000828:	f882 6020 	strb.w	r6, [r2, #32]
 800082c:	61eb      	str	r3, [r5, #28]
 800082e:	68ab      	ldr	r3, [r5, #8]
 8000830:	3301      	adds	r3, #1
 8000832:	60ab      	str	r3, [r5, #8]
 8000834:	f7ff fd7a 	bl	800032c <gs_board_millis>
 8000838:	4631      	mov	r1, r6
 800083a:	4602      	mov	r2, r0
 800083c:	ab07      	add	r3, sp, #28
 800083e:	a80e      	add	r0, sp, #56	@ 0x38
 8000840:	f7ff fe31 	bl	80004a6 <gs_frame_parser_feed>
 8000844:	2801      	cmp	r0, #1
 8000846:	4606      	mov	r6, r0
 8000848:	d113      	bne.n	8000872 <main+0x112>
 800084a:	a907      	add	r1, sp, #28
 800084c:	a802      	add	r0, sp, #8
 800084e:	f7ff fec8 	bl	80005e2 <gs_decode_esp_command>
 8000852:	b160      	cbz	r0, 800086e <main+0x10e>
 8000854:	68eb      	ldr	r3, [r5, #12]
 8000856:	3301      	adds	r3, #1
 8000858:	60eb      	str	r3, [r5, #12]
 800085a:	4621      	mov	r1, r4
 800085c:	a804      	add	r0, sp, #16
 800085e:	f7ff ff61 	bl	8000724 <send_remote_feedback>
 8000862:	2800      	cmp	r0, #0
 8000864:	d0a5      	beq.n	80007b2 <main+0x52>
 8000866:	696b      	ldr	r3, [r5, #20]
 8000868:	3301      	adds	r3, #1
 800086a:	616b      	str	r3, [r5, #20]
 800086c:	e7a1      	b.n	80007b2 <main+0x52>
 800086e:	4634      	mov	r4, r6
 8000870:	e7f3      	b.n	800085a <main+0xfa>
 8000872:	2802      	cmp	r0, #2
 8000874:	bf01      	itttt	eq
 8000876:	692b      	ldreq	r3, [r5, #16]
 8000878:	2401      	moveq	r4, #1
 800087a:	3301      	addeq	r3, #1
 800087c:	612b      	streq	r3, [r5, #16]
 800087e:	e798      	b.n	80007b2 <main+0x52>
 8000880:	f89d 6003 	ldrb.w	r6, [sp, #3]
 8000884:	f7ff fd52 	bl	800032c <gs_board_millis>
 8000888:	4631      	mov	r1, r6
 800088a:	4602      	mov	r2, r0
 800088c:	ab07      	add	r3, sp, #28
 800088e:	a819      	add	r0, sp, #100	@ 0x64
 8000890:	f7ff fe09 	bl	80004a6 <gs_frame_parser_feed>
 8000894:	2801      	cmp	r0, #1
 8000896:	d104      	bne.n	80008a2 <main+0x142>
 8000898:	a907      	add	r1, sp, #28
 800089a:	a804      	add	r0, sp, #16
 800089c:	f7ff feec 	bl	8000678 <gs_decode_slave_feedback>
 80008a0:	e78d      	b.n	80007be <main+0x5e>
 80008a2:	2802      	cmp	r0, #2
 80008a4:	bf08      	it	eq
 80008a6:	f044 0401 	orreq.w	r4, r4, #1
 80008aa:	e788      	b.n	80007be <main+0x5e>
 80008ac:	20000000 	.word	0x20000000

080008b0 <memcmp>:
 80008b0:	b510      	push	{r4, lr}
 80008b2:	3901      	subs	r1, #1
 80008b4:	4402      	add	r2, r0
 80008b6:	4290      	cmp	r0, r2
 80008b8:	d101      	bne.n	80008be <memcmp+0xe>
 80008ba:	2000      	movs	r0, #0
 80008bc:	e005      	b.n	80008ca <memcmp+0x1a>
 80008be:	7803      	ldrb	r3, [r0, #0]
 80008c0:	f811 4f01 	ldrb.w	r4, [r1, #1]!
 80008c4:	42a3      	cmp	r3, r4
 80008c6:	d001      	beq.n	80008cc <memcmp+0x1c>
 80008c8:	1b18      	subs	r0, r3, r4
 80008ca:	bd10      	pop	{r4, pc}
 80008cc:	3001      	adds	r0, #1
 80008ce:	e7f2      	b.n	80008b6 <memcmp+0x6>

080008d0 <memmove>:
 80008d0:	4288      	cmp	r0, r1
 80008d2:	b510      	push	{r4, lr}
 80008d4:	eb01 0402 	add.w	r4, r1, r2
 80008d8:	d902      	bls.n	80008e0 <memmove+0x10>
 80008da:	4284      	cmp	r4, r0
 80008dc:	4623      	mov	r3, r4
 80008de:	d807      	bhi.n	80008f0 <memmove+0x20>
 80008e0:	1e43      	subs	r3, r0, #1
 80008e2:	42a1      	cmp	r1, r4
 80008e4:	d007      	beq.n	80008f6 <memmove+0x26>
 80008e6:	f811 2b01 	ldrb.w	r2, [r1], #1
 80008ea:	f803 2f01 	strb.w	r2, [r3, #1]!
 80008ee:	e7f8      	b.n	80008e2 <memmove+0x12>
 80008f0:	4402      	add	r2, r0
 80008f2:	4282      	cmp	r2, r0
 80008f4:	d100      	bne.n	80008f8 <memmove+0x28>
 80008f6:	bd10      	pop	{r4, pc}
 80008f8:	f813 1d01 	ldrb.w	r1, [r3, #-1]!
 80008fc:	f802 1d01 	strb.w	r1, [r2, #-1]!
 8000900:	e7f7      	b.n	80008f2 <memmove+0x22>

08000902 <memset>:
 8000902:	4603      	mov	r3, r0
 8000904:	4402      	add	r2, r0
 8000906:	4293      	cmp	r3, r2
 8000908:	d100      	bne.n	800090c <memset+0xa>
 800090a:	4770      	bx	lr
 800090c:	f803 1b01 	strb.w	r1, [r3], #1
 8000910:	e7f9      	b.n	8000906 <memset+0x4>
	...

08000914 <__libc_init_array>:
 8000914:	b570      	push	{r4, r5, r6, lr}
 8000916:	2600      	movs	r6, #0
 8000918:	4d0c      	ldr	r5, [pc, #48]	@ (800094c <__libc_init_array+0x38>)
 800091a:	4b0d      	ldr	r3, [pc, #52]	@ (8000950 <__libc_init_array+0x3c>)
 800091c:	1b5b      	subs	r3, r3, r5
 800091e:	109c      	asrs	r4, r3, #2
 8000920:	42a6      	cmp	r6, r4
 8000922:	d109      	bne.n	8000938 <__libc_init_array+0x24>
 8000924:	2600      	movs	r6, #0
 8000926:	f000 faeb 	bl	8000f00 <_init>
 800092a:	4d0a      	ldr	r5, [pc, #40]	@ (8000954 <__libc_init_array+0x40>)
 800092c:	4b0a      	ldr	r3, [pc, #40]	@ (8000958 <__libc_init_array+0x44>)
 800092e:	1b5b      	subs	r3, r3, r5
 8000930:	109c      	asrs	r4, r3, #2
 8000932:	42a6      	cmp	r6, r4
 8000934:	d105      	bne.n	8000942 <__libc_init_array+0x2e>
 8000936:	bd70      	pop	{r4, r5, r6, pc}
 8000938:	f855 3b04 	ldr.w	r3, [r5], #4
 800093c:	4798      	blx	r3
 800093e:	3601      	adds	r6, #1
 8000940:	e7ee      	b.n	8000920 <__libc_init_array+0xc>
 8000942:	f855 3b04 	ldr.w	r3, [r5], #4
 8000946:	4798      	blx	r3
 8000948:	3601      	adds	r6, #1
 800094a:	e7f2      	b.n	8000932 <__libc_init_array+0x1e>
 800094c:	08000f30 	.word	0x08000f30
 8000950:	08000f30 	.word	0x08000f30
 8000954:	08000f30 	.word	0x08000f30
 8000958:	08000f34 	.word	0x08000f34

0800095c <memcpy>:
 800095c:	440a      	add	r2, r1
 800095e:	4291      	cmp	r1, r2
 8000960:	f100 33ff 	add.w	r3, r0, #4294967295	@ 0xffffffff
 8000964:	d100      	bne.n	8000968 <memcpy+0xc>
 8000966:	4770      	bx	lr
 8000968:	b510      	push	{r4, lr}
 800096a:	f811 4b01 	ldrb.w	r4, [r1], #1
 800096e:	4291      	cmp	r1, r2
 8000970:	f803 4f01 	strb.w	r4, [r3, #1]!
 8000974:	d1f9      	bne.n	800096a <memcpy+0xe>
 8000976:	bd10      	pop	{r4, pc}

08000978 <SystemInit>:
 8000978:	4b1e      	ldr	r3, [pc, #120]	@ (80009f4 <SystemInit+0x7c>)
 800097a:	681a      	ldr	r2, [r3, #0]
 800097c:	f042 0201 	orr.w	r2, r2, #1
 8000980:	601a      	str	r2, [r3, #0]
 8000982:	681a      	ldr	r2, [r3, #0]
 8000984:	0792      	lsls	r2, r2, #30
 8000986:	d5fc      	bpl.n	8000982 <SystemInit+0xa>
 8000988:	6859      	ldr	r1, [r3, #4]
 800098a:	4a1b      	ldr	r2, [pc, #108]	@ (80009f8 <SystemInit+0x80>)
 800098c:	f04f 6000 	mov.w	r0, #134217728	@ 0x8000000
 8000990:	400a      	ands	r2, r1
 8000992:	2100      	movs	r1, #0
 8000994:	605a      	str	r2, [r3, #4]
 8000996:	685a      	ldr	r2, [r3, #4]
 8000998:	f022 6203 	bic.w	r2, r2, #137363456	@ 0x8300000
 800099c:	f422 2270 	bic.w	r2, r2, #983040	@ 0xf0000
 80009a0:	605a      	str	r2, [r3, #4]
 80009a2:	685a      	ldr	r2, [r3, #4]
 80009a4:	f422 0240 	bic.w	r2, r2, #12582912	@ 0xc00000
 80009a8:	605a      	str	r2, [r3, #4]
 80009aa:	681a      	ldr	r2, [r3, #0]
 80009ac:	f022 7286 	bic.w	r2, r2, #17563648	@ 0x10c0000
 80009b0:	f422 3280 	bic.w	r2, r2, #65536	@ 0x10000
 80009b4:	601a      	str	r2, [r3, #0]
 80009b6:	6ada      	ldr	r2, [r3, #44]	@ 0x2c
 80009b8:	f022 020f 	bic.w	r2, r2, #15
 80009bc:	62da      	str	r2, [r3, #44]	@ 0x2c
 80009be:	6b1a      	ldr	r2, [r3, #48]	@ 0x30
 80009c0:	f422 72a1 	bic.w	r2, r2, #322	@ 0x142
 80009c4:	f022 0201 	bic.w	r2, r2, #1
 80009c8:	631a      	str	r2, [r3, #48]	@ 0x30
 80009ca:	6b5a      	ldr	r2, [r3, #52]	@ 0x34
 80009cc:	f022 0201 	bic.w	r2, r2, #1
 80009d0:	635a      	str	r2, [r3, #52]	@ 0x34
 80009d2:	6099      	str	r1, [r3, #8]
 80009d4:	685a      	ldr	r2, [r3, #4]
 80009d6:	605a      	str	r2, [r3, #4]
 80009d8:	685a      	ldr	r2, [r3, #4]
 80009da:	605a      	str	r2, [r3, #4]
 80009dc:	685a      	ldr	r2, [r3, #4]
 80009de:	605a      	str	r2, [r3, #4]
 80009e0:	685a      	ldr	r2, [r3, #4]
 80009e2:	f022 0203 	bic.w	r2, r2, #3
 80009e6:	605a      	str	r2, [r3, #4]
 80009e8:	685a      	ldr	r2, [r3, #4]
 80009ea:	605a      	str	r2, [r3, #4]
 80009ec:	685b      	ldr	r3, [r3, #4]
 80009ee:	f000 b877 	b.w	8000ae0 <nvic_vector_table_set>
 80009f2:	bf00      	nop
 80009f4:	40021000 	.word	0x40021000
 80009f8:	08ff000c 	.word	0x08ff000c

080009fc <gpio_mode_set>:
 80009fc:	e92d 43f0 	stmdb	sp!, {r4, r5, r6, r7, r8, r9, lr}
 8000a00:	2600      	movs	r6, #0
 8000a02:	f04f 0e01 	mov.w	lr, #1
 8000a06:	f04f 0803 	mov.w	r8, #3
 8000a0a:	6805      	ldr	r5, [r0, #0]
 8000a0c:	68c4      	ldr	r4, [r0, #12]
 8000a0e:	fa0e f706 	lsl.w	r7, lr, r6
 8000a12:	421f      	tst	r7, r3
 8000a14:	d00d      	beq.n	8000a32 <gpio_mode_set+0x36>
 8000a16:	0077      	lsls	r7, r6, #1
 8000a18:	fa08 fc07 	lsl.w	ip, r8, r7
 8000a1c:	fa01 f907 	lsl.w	r9, r1, r7
 8000a20:	ea25 050c 	bic.w	r5, r5, ip
 8000a24:	ea24 040c 	bic.w	r4, r4, ip
 8000a28:	fa02 f707 	lsl.w	r7, r2, r7
 8000a2c:	ea49 0505 	orr.w	r5, r9, r5
 8000a30:	433c      	orrs	r4, r7
 8000a32:	3601      	adds	r6, #1
 8000a34:	2e10      	cmp	r6, #16
 8000a36:	d1ea      	bne.n	8000a0e <gpio_mode_set+0x12>
 8000a38:	6005      	str	r5, [r0, #0]
 8000a3a:	60c4      	str	r4, [r0, #12]
 8000a3c:	e8bd 83f0 	ldmia.w	sp!, {r4, r5, r6, r7, r8, r9, pc}

08000a40 <gpio_output_options_set>:
 8000a40:	b5f0      	push	{r4, r5, r6, r7, lr}
 8000a42:	2400      	movs	r4, #0
 8000a44:	2601      	movs	r6, #1
 8000a46:	2703      	movs	r7, #3
 8000a48:	2901      	cmp	r1, #1
 8000a4a:	6841      	ldr	r1, [r0, #4]
 8000a4c:	bf0c      	ite	eq
 8000a4e:	4319      	orreq	r1, r3
 8000a50:	4399      	bicne	r1, r3
 8000a52:	6041      	str	r1, [r0, #4]
 8000a54:	6881      	ldr	r1, [r0, #8]
 8000a56:	fa06 f504 	lsl.w	r5, r6, r4
 8000a5a:	421d      	tst	r5, r3
 8000a5c:	d007      	beq.n	8000a6e <gpio_output_options_set+0x2e>
 8000a5e:	0065      	lsls	r5, r4, #1
 8000a60:	fa07 fc05 	lsl.w	ip, r7, r5
 8000a64:	ea21 010c 	bic.w	r1, r1, ip
 8000a68:	fa02 f505 	lsl.w	r5, r2, r5
 8000a6c:	4329      	orrs	r1, r5
 8000a6e:	3401      	adds	r4, #1
 8000a70:	2c10      	cmp	r4, #16
 8000a72:	d1f0      	bne.n	8000a56 <gpio_output_options_set+0x16>
 8000a74:	6081      	str	r1, [r0, #8]
 8000a76:	bdf0      	pop	{r4, r5, r6, r7, pc}

08000a78 <gpio_bit_set>:
 8000a78:	6181      	str	r1, [r0, #24]
 8000a7a:	4770      	bx	lr

08000a7c <gpio_bit_reset>:
 8000a7c:	6281      	str	r1, [r0, #40]	@ 0x28
 8000a7e:	4770      	bx	lr

08000a80 <gpio_af_set>:
 8000a80:	b5f0      	push	{r4, r5, r6, r7, lr}
 8000a82:	2300      	movs	r3, #0
 8000a84:	f04f 0c01 	mov.w	ip, #1
 8000a88:	f04f 0e0f 	mov.w	lr, #15
 8000a8c:	6a06      	ldr	r6, [r0, #32]
 8000a8e:	6a45      	ldr	r5, [r0, #36]	@ 0x24
 8000a90:	fa0c f403 	lsl.w	r4, ip, r3
 8000a94:	4214      	tst	r4, r2
 8000a96:	d007      	beq.n	8000aa8 <gpio_af_set+0x28>
 8000a98:	009c      	lsls	r4, r3, #2
 8000a9a:	fa0e f704 	lsl.w	r7, lr, r4
 8000a9e:	ea26 0607 	bic.w	r6, r6, r7
 8000aa2:	fa01 f404 	lsl.w	r4, r1, r4
 8000aa6:	4326      	orrs	r6, r4
 8000aa8:	3301      	adds	r3, #1
 8000aaa:	2b08      	cmp	r3, #8
 8000aac:	d1f0      	bne.n	8000a90 <gpio_af_set+0x10>
 8000aae:	2300      	movs	r3, #0
 8000ab0:	f04f 0c01 	mov.w	ip, #1
 8000ab4:	f04f 0e0f 	mov.w	lr, #15
 8000ab8:	f103 0408 	add.w	r4, r3, #8
 8000abc:	fa0c f404 	lsl.w	r4, ip, r4
 8000ac0:	4214      	tst	r4, r2
 8000ac2:	d007      	beq.n	8000ad4 <gpio_af_set+0x54>
 8000ac4:	009c      	lsls	r4, r3, #2
 8000ac6:	fa0e f704 	lsl.w	r7, lr, r4
 8000aca:	ea25 0507 	bic.w	r5, r5, r7
 8000ace:	fa01 f404 	lsl.w	r4, r1, r4
 8000ad2:	4325      	orrs	r5, r4
 8000ad4:	3301      	adds	r3, #1
 8000ad6:	2b08      	cmp	r3, #8
 8000ad8:	d1ee      	bne.n	8000ab8 <gpio_af_set+0x38>
 8000ada:	6206      	str	r6, [r0, #32]
 8000adc:	6245      	str	r5, [r0, #36]	@ 0x24
 8000ade:	bdf0      	pop	{r4, r5, r6, r7, pc}

08000ae0 <nvic_vector_table_set>:
 8000ae0:	f021 4160 	bic.w	r1, r1, #3758096384	@ 0xe0000000
 8000ae4:	4b02      	ldr	r3, [pc, #8]	@ (8000af0 <nvic_vector_table_set+0x10>)
 8000ae6:	f021 017f 	bic.w	r1, r1, #127	@ 0x7f
 8000aea:	4301      	orrs	r1, r0
 8000aec:	6099      	str	r1, [r3, #8]
 8000aee:	4770      	bx	lr
 8000af0:	e000ed00 	.word	0xe000ed00

08000af4 <rcu_periph_clock_enable>:
 8000af4:	2201      	movs	r2, #1
 8000af6:	0983      	lsrs	r3, r0, #6
 8000af8:	f103 4380 	add.w	r3, r3, #1073741824	@ 0x40000000
 8000afc:	f503 3304 	add.w	r3, r3, #135168	@ 0x21000
 8000b00:	6819      	ldr	r1, [r3, #0]
 8000b02:	f000 001f 	and.w	r0, r0, #31
 8000b06:	4082      	lsls	r2, r0
 8000b08:	430a      	orrs	r2, r1
 8000b0a:	601a      	str	r2, [r3, #0]
 8000b0c:	4770      	bx	lr

08000b0e <rcu_periph_clock_disable>:
 8000b0e:	2101      	movs	r1, #1
 8000b10:	0983      	lsrs	r3, r0, #6
 8000b12:	f103 4380 	add.w	r3, r3, #1073741824	@ 0x40000000
 8000b16:	f503 3304 	add.w	r3, r3, #135168	@ 0x21000
 8000b1a:	681a      	ldr	r2, [r3, #0]
 8000b1c:	f000 001f 	and.w	r0, r0, #31
 8000b20:	4081      	lsls	r1, r0
 8000b22:	ea22 0201 	bic.w	r2, r2, r1
 8000b26:	601a      	str	r2, [r3, #0]
 8000b28:	4770      	bx	lr

08000b2a <rcu_periph_reset_enable>:
 8000b2a:	f7ff bfe3 	b.w	8000af4 <rcu_periph_clock_enable>

08000b2e <rcu_periph_reset_disable>:
 8000b2e:	f7ff bfee 	b.w	8000b0e <rcu_periph_clock_disable>
	...

08000b34 <rcu_clock_freq_get>:
 8000b34:	4b4b      	ldr	r3, [pc, #300]	@ (8000c64 <rcu_clock_freq_get+0x130>)
 8000b36:	b5f0      	push	{r4, r5, r6, r7, lr}
 8000b38:	4605      	mov	r5, r0
 8000b3a:	461f      	mov	r7, r3
 8000b3c:	b089      	sub	sp, #36	@ 0x24
 8000b3e:	ac04      	add	r4, sp, #16
 8000b40:	f103 0610 	add.w	r6, r3, #16
 8000b44:	4622      	mov	r2, r4
 8000b46:	6818      	ldr	r0, [r3, #0]
 8000b48:	6859      	ldr	r1, [r3, #4]
 8000b4a:	3308      	adds	r3, #8
 8000b4c:	c203      	stmia	r2!, {r0, r1}
 8000b4e:	42b3      	cmp	r3, r6
 8000b50:	4614      	mov	r4, r2
 8000b52:	d1f7      	bne.n	8000b44 <rcu_clock_freq_get+0x10>
 8000b54:	466b      	mov	r3, sp
 8000b56:	6938      	ldr	r0, [r7, #16]
 8000b58:	6871      	ldr	r1, [r6, #4]
 8000b5a:	4a43      	ldr	r2, [pc, #268]	@ (8000c68 <rcu_clock_freq_get+0x134>)
 8000b5c:	c303      	stmia	r3!, {r0, r1}
 8000b5e:	c303      	stmia	r3!, {r0, r1}
 8000b60:	6853      	ldr	r3, [r2, #4]
 8000b62:	f003 030c 	and.w	r3, r3, #12
 8000b66:	2b08      	cmp	r3, #8
 8000b68:	d12f      	bne.n	8000bca <rcu_clock_freq_get+0x96>
 8000b6a:	6850      	ldr	r0, [r2, #4]
 8000b6c:	6853      	ldr	r3, [r2, #4]
 8000b6e:	f3c0 4083 	ubfx	r0, r0, #18, #4
 8000b72:	011e      	lsls	r6, r3, #4
 8000b74:	6853      	ldr	r3, [r2, #4]
 8000b76:	bf4c      	ite	mi
 8000b78:	3011      	addmi	r0, #17
 8000b7a:	3002      	addpl	r0, #2
 8000b7c:	03dc      	lsls	r4, r3, #15
 8000b7e:	bf41      	itttt	mi
 8000b80:	6ad3      	ldrmi	r3, [r2, #44]	@ 0x2c
 8000b82:	493a      	ldrmi	r1, [pc, #232]	@ (8000c6c <rcu_clock_freq_get+0x138>)
 8000b84:	f003 030f 	andmi.w	r3, r3, #15
 8000b88:	3301      	addmi	r3, #1
 8000b8a:	bf4c      	ite	mi
 8000b8c:	fbb1 f3f3 	udivmi	r3, r1, r3
 8000b90:	4b37      	ldrpl	r3, [pc, #220]	@ (8000c70 <rcu_clock_freq_get+0x13c>)
 8000b92:	4358      	muls	r0, r3
 8000b94:	6853      	ldr	r3, [r2, #4]
 8000b96:	6854      	ldr	r4, [r2, #4]
 8000b98:	f3c3 1303 	ubfx	r3, r3, #4, #4
 8000b9c:	3320      	adds	r3, #32
 8000b9e:	446b      	add	r3, sp
 8000ba0:	f813 1c10 	ldrb.w	r1, [r3, #-16]
 8000ba4:	6853      	ldr	r3, [r2, #4]
 8000ba6:	fa20 f101 	lsr.w	r1, r0, r1
 8000baa:	f3c3 23c2 	ubfx	r3, r3, #11, #3
 8000bae:	3320      	adds	r3, #32
 8000bb0:	446b      	add	r3, sp
 8000bb2:	f813 3c18 	ldrb.w	r3, [r3, #-24]
 8000bb6:	fa21 f303 	lsr.w	r3, r1, r3
 8000bba:	2d06      	cmp	r5, #6
 8000bbc:	d848      	bhi.n	8000c50 <rcu_clock_freq_get+0x11c>
 8000bbe:	e8df f005 	tbb	[pc, r5]
 8000bc2:	0607      	.short	0x0607
 8000bc4:	29144b09 	.word	0x29144b09
 8000bc8:	32          	.byte	0x32
 8000bc9:	00          	.byte	0x00
 8000bca:	4828      	ldr	r0, [pc, #160]	@ (8000c6c <rcu_clock_freq_get+0x138>)
 8000bcc:	e7e2      	b.n	8000b94 <rcu_clock_freq_get+0x60>
 8000bce:	4608      	mov	r0, r1
 8000bd0:	b009      	add	sp, #36	@ 0x24
 8000bd2:	bdf0      	pop	{r4, r5, r6, r7, pc}
 8000bd4:	f3c4 2402 	ubfx	r4, r4, #8, #3
 8000bd8:	f104 0320 	add.w	r3, r4, #32
 8000bdc:	eb0d 0403 	add.w	r4, sp, r3
 8000be0:	f814 0c20 	ldrb.w	r0, [r4, #-32]
 8000be4:	fa21 f000 	lsr.w	r0, r1, r0
 8000be8:	e7f2      	b.n	8000bd0 <rcu_clock_freq_get+0x9c>
 8000bea:	6b11      	ldr	r1, [r2, #48]	@ 0x30
 8000bec:	05c8      	lsls	r0, r1, #23
 8000bee:	d531      	bpl.n	8000c54 <rcu_clock_freq_get+0x120>
 8000bf0:	6852      	ldr	r2, [r2, #4]
 8000bf2:	f3c2 3281 	ubfx	r2, r2, #14, #2
 8000bf6:	2a02      	cmp	r2, #2
 8000bf8:	d006      	beq.n	8000c08 <rcu_clock_freq_get+0xd4>
 8000bfa:	2a03      	cmp	r2, #3
 8000bfc:	d008      	beq.n	8000c10 <rcu_clock_freq_get+0xdc>
 8000bfe:	2a01      	cmp	r2, #1
 8000c00:	bf14      	ite	ne
 8000c02:	0858      	lsrne	r0, r3, #1
 8000c04:	0898      	lsreq	r0, r3, #2
 8000c06:	e7e3      	b.n	8000bd0 <rcu_clock_freq_get+0x9c>
 8000c08:	2006      	movs	r0, #6
 8000c0a:	fbb3 f0f0 	udiv	r0, r3, r0
 8000c0e:	e7df      	b.n	8000bd0 <rcu_clock_freq_get+0x9c>
 8000c10:	08d8      	lsrs	r0, r3, #3
 8000c12:	e7dd      	b.n	8000bd0 <rcu_clock_freq_get+0x9c>
 8000c14:	6b13      	ldr	r3, [r2, #48]	@ 0x30
 8000c16:	f248 0012 	movw	r0, #32786	@ 0x8012
 8000c1a:	f013 0f40 	tst.w	r3, #64	@ 0x40
 8000c1e:	bf18      	it	ne
 8000c20:	f44f 4000 	movne.w	r0, #32768	@ 0x8000
 8000c24:	e7d4      	b.n	8000bd0 <rcu_clock_freq_get+0x9c>
 8000c26:	6b11      	ldr	r1, [r2, #48]	@ 0x30
 8000c28:	0789      	lsls	r1, r1, #30
 8000c2a:	d015      	beq.n	8000c58 <rcu_clock_freq_get+0x124>
 8000c2c:	6b13      	ldr	r3, [r2, #48]	@ 0x30
 8000c2e:	f003 0303 	and.w	r3, r3, #3
 8000c32:	2b01      	cmp	r3, #1
 8000c34:	d0cc      	beq.n	8000bd0 <rcu_clock_freq_get+0x9c>
 8000c36:	6b13      	ldr	r3, [r2, #48]	@ 0x30
 8000c38:	f003 0303 	and.w	r3, r3, #3
 8000c3c:	2b02      	cmp	r3, #2
 8000c3e:	d00d      	beq.n	8000c5c <rcu_clock_freq_get+0x128>
 8000c40:	6b13      	ldr	r3, [r2, #48]	@ 0x30
 8000c42:	480a      	ldr	r0, [pc, #40]	@ (8000c6c <rcu_clock_freq_get+0x138>)
 8000c44:	f003 0303 	and.w	r3, r3, #3
 8000c48:	2b03      	cmp	r3, #3
 8000c4a:	bf18      	it	ne
 8000c4c:	2000      	movne	r0, #0
 8000c4e:	e7bf      	b.n	8000bd0 <rcu_clock_freq_get+0x9c>
 8000c50:	2000      	movs	r0, #0
 8000c52:	e7bd      	b.n	8000bd0 <rcu_clock_freq_get+0x9c>
 8000c54:	4807      	ldr	r0, [pc, #28]	@ (8000c74 <rcu_clock_freq_get+0x140>)
 8000c56:	e7bb      	b.n	8000bd0 <rcu_clock_freq_get+0x9c>
 8000c58:	4618      	mov	r0, r3
 8000c5a:	e7b9      	b.n	8000bd0 <rcu_clock_freq_get+0x9c>
 8000c5c:	f44f 4000 	mov.w	r0, #32768	@ 0x8000
 8000c60:	e7b6      	b.n	8000bd0 <rcu_clock_freq_get+0x9c>
 8000c62:	bf00      	nop
 8000c64:	08000f18 	.word	0x08000f18
 8000c68:	40021000 	.word	0x40021000
 8000c6c:	007a1200 	.word	0x007a1200
 8000c70:	003d0900 	.word	0x003d0900
 8000c74:	00d59f80 	.word	0x00d59f80

08000c78 <timer_deinit>:
 8000c78:	b508      	push	{r3, lr}
 8000c7a:	4b2d      	ldr	r3, [pc, #180]	@ (8000d30 <timer_deinit+0xb8>)
 8000c7c:	4298      	cmp	r0, r3
 8000c7e:	d029      	beq.n	8000cd4 <timer_deinit+0x5c>
 8000c80:	d816      	bhi.n	8000cb0 <timer_deinit+0x38>
 8000c82:	f5a3 338e 	sub.w	r3, r3, #72704	@ 0x11c00
 8000c86:	4298      	cmp	r0, r3
 8000c88:	d03c      	beq.n	8000d04 <timer_deinit+0x8c>
 8000c8a:	d807      	bhi.n	8000c9c <timer_deinit+0x24>
 8000c8c:	f1b0 4f80 	cmp.w	r0, #1073741824	@ 0x40000000
 8000c90:	d02a      	beq.n	8000ce8 <timer_deinit+0x70>
 8000c92:	f5a3 6340 	sub.w	r3, r3, #3072	@ 0xc00
 8000c96:	4298      	cmp	r0, r3
 8000c98:	d02d      	beq.n	8000cf6 <timer_deinit+0x7e>
 8000c9a:	bd08      	pop	{r3, pc}
 8000c9c:	4b25      	ldr	r3, [pc, #148]	@ (8000d34 <timer_deinit+0xbc>)
 8000c9e:	4298      	cmp	r0, r3
 8000ca0:	d1fb      	bne.n	8000c9a <timer_deinit+0x22>
 8000ca2:	f44f 6081 	mov.w	r0, #1032	@ 0x408
 8000ca6:	f7ff ff40 	bl	8000b2a <rcu_periph_reset_enable>
 8000caa:	f44f 6081 	mov.w	r0, #1032	@ 0x408
 8000cae:	e017      	b.n	8000ce0 <timer_deinit+0x68>
 8000cb0:	4b21      	ldr	r3, [pc, #132]	@ (8000d38 <timer_deinit+0xc0>)
 8000cb2:	4298      	cmp	r0, r3
 8000cb4:	d02d      	beq.n	8000d12 <timer_deinit+0x9a>
 8000cb6:	f503 6380 	add.w	r3, r3, #1024	@ 0x400
 8000cba:	4298      	cmp	r0, r3
 8000cbc:	d030      	beq.n	8000d20 <timer_deinit+0xa8>
 8000cbe:	f5a3 6300 	sub.w	r3, r3, #2048	@ 0x800
 8000cc2:	4298      	cmp	r0, r3
 8000cc4:	d1e9      	bne.n	8000c9a <timer_deinit+0x22>
 8000cc6:	f44f 7044 	mov.w	r0, #784	@ 0x310
 8000cca:	f7ff ff2e 	bl	8000b2a <rcu_periph_reset_enable>
 8000cce:	f44f 7044 	mov.w	r0, #784	@ 0x310
 8000cd2:	e005      	b.n	8000ce0 <timer_deinit+0x68>
 8000cd4:	f240 300b 	movw	r0, #779	@ 0x30b
 8000cd8:	f7ff ff27 	bl	8000b2a <rcu_periph_reset_enable>
 8000cdc:	f240 300b 	movw	r0, #779	@ 0x30b
 8000ce0:	e8bd 4008 	ldmia.w	sp!, {r3, lr}
 8000ce4:	f7ff bf23 	b.w	8000b2e <rcu_periph_reset_disable>
 8000ce8:	f44f 6080 	mov.w	r0, #1024	@ 0x400
 8000cec:	f7ff ff1d 	bl	8000b2a <rcu_periph_reset_enable>
 8000cf0:	f44f 6080 	mov.w	r0, #1024	@ 0x400
 8000cf4:	e7f4      	b.n	8000ce0 <timer_deinit+0x68>
 8000cf6:	f240 4001 	movw	r0, #1025	@ 0x401
 8000cfa:	f7ff ff16 	bl	8000b2a <rcu_periph_reset_enable>
 8000cfe:	f240 4001 	movw	r0, #1025	@ 0x401
 8000d02:	e7ed      	b.n	8000ce0 <timer_deinit+0x68>
 8000d04:	f240 4004 	movw	r0, #1028	@ 0x404
 8000d08:	f7ff ff0f 	bl	8000b2a <rcu_periph_reset_enable>
 8000d0c:	f240 4004 	movw	r0, #1028	@ 0x404
 8000d10:	e7e6      	b.n	8000ce0 <timer_deinit+0x68>
 8000d12:	f240 3011 	movw	r0, #785	@ 0x311
 8000d16:	f7ff ff08 	bl	8000b2a <rcu_periph_reset_enable>
 8000d1a:	f240 3011 	movw	r0, #785	@ 0x311
 8000d1e:	e7df      	b.n	8000ce0 <timer_deinit+0x68>
 8000d20:	f240 3012 	movw	r0, #786	@ 0x312
 8000d24:	f7ff ff01 	bl	8000b2a <rcu_periph_reset_enable>
 8000d28:	f240 3012 	movw	r0, #786	@ 0x312
 8000d2c:	e7d8      	b.n	8000ce0 <timer_deinit+0x68>
 8000d2e:	bf00      	nop
 8000d30:	40012c00 	.word	0x40012c00
 8000d34:	40002000 	.word	0x40002000
 8000d38:	40014400 	.word	0x40014400

08000d3c <timer_init>:
 8000d3c:	880b      	ldrh	r3, [r1, #0]
 8000d3e:	6283      	str	r3, [r0, #40]	@ 0x28
 8000d40:	4b21      	ldr	r3, [pc, #132]	@ (8000dc8 <timer_init+0x8c>)
 8000d42:	4298      	cmp	r0, r3
 8000d44:	d004      	beq.n	8000d50 <timer_init+0x14>
 8000d46:	f420 6380 	bic.w	r3, r0, #1024	@ 0x400
 8000d4a:	f1b3 4f80 	cmp.w	r3, #1073741824	@ 0x40000000
 8000d4e:	d10b      	bne.n	8000d68 <timer_init+0x2c>
 8000d50:	6803      	ldr	r3, [r0, #0]
 8000d52:	f023 0370 	bic.w	r3, r3, #112	@ 0x70
 8000d56:	6003      	str	r3, [r0, #0]
 8000d58:	6802      	ldr	r2, [r0, #0]
 8000d5a:	884b      	ldrh	r3, [r1, #2]
 8000d5c:	4313      	orrs	r3, r2
 8000d5e:	6003      	str	r3, [r0, #0]
 8000d60:	6802      	ldr	r2, [r0, #0]
 8000d62:	888b      	ldrh	r3, [r1, #4]
 8000d64:	4313      	orrs	r3, r2
 8000d66:	6003      	str	r3, [r0, #0]
 8000d68:	688b      	ldr	r3, [r1, #8]
 8000d6a:	62c3      	str	r3, [r0, #44]	@ 0x2c
 8000d6c:	4b16      	ldr	r3, [pc, #88]	@ (8000dc8 <timer_init+0x8c>)
 8000d6e:	4298      	cmp	r0, r3
 8000d70:	d00e      	beq.n	8000d90 <timer_init+0x54>
 8000d72:	f420 6380 	bic.w	r3, r0, #1024	@ 0x400
 8000d76:	f1b3 4f80 	cmp.w	r3, #1073741824	@ 0x40000000
 8000d7a:	d009      	beq.n	8000d90 <timer_init+0x54>
 8000d7c:	4a13      	ldr	r2, [pc, #76]	@ (8000dcc <timer_init+0x90>)
 8000d7e:	4290      	cmp	r0, r2
 8000d80:	d006      	beq.n	8000d90 <timer_init+0x54>
 8000d82:	f502 3290 	add.w	r2, r2, #73728	@ 0x12000
 8000d86:	4293      	cmp	r3, r2
 8000d88:	d002      	beq.n	8000d90 <timer_init+0x54>
 8000d8a:	4b11      	ldr	r3, [pc, #68]	@ (8000dd0 <timer_init+0x94>)
 8000d8c:	4298      	cmp	r0, r3
 8000d8e:	d116      	bne.n	8000dbe <timer_init+0x82>
 8000d90:	6803      	ldr	r3, [r0, #0]
 8000d92:	f423 7340 	bic.w	r3, r3, #768	@ 0x300
 8000d96:	6003      	str	r3, [r0, #0]
 8000d98:	6802      	ldr	r2, [r0, #0]
 8000d9a:	88cb      	ldrh	r3, [r1, #6]
 8000d9c:	4313      	orrs	r3, r2
 8000d9e:	6003      	str	r3, [r0, #0]
 8000da0:	4b09      	ldr	r3, [pc, #36]	@ (8000dc8 <timer_init+0x8c>)
 8000da2:	4298      	cmp	r0, r3
 8000da4:	d009      	beq.n	8000dba <timer_init+0x7e>
 8000da6:	f420 6280 	bic.w	r2, r0, #1024	@ 0x400
 8000daa:	f503 53a0 	add.w	r3, r3, #5120	@ 0x1400
 8000dae:	429a      	cmp	r2, r3
 8000db0:	d003      	beq.n	8000dba <timer_init+0x7e>
 8000db2:	f503 6300 	add.w	r3, r3, #2048	@ 0x800
 8000db6:	4298      	cmp	r0, r3
 8000db8:	d101      	bne.n	8000dbe <timer_init+0x82>
 8000dba:	7b0b      	ldrb	r3, [r1, #12]
 8000dbc:	6303      	str	r3, [r0, #48]	@ 0x30
 8000dbe:	6943      	ldr	r3, [r0, #20]
 8000dc0:	f043 0301 	orr.w	r3, r3, #1
 8000dc4:	6143      	str	r3, [r0, #20]
 8000dc6:	4770      	bx	lr
 8000dc8:	40012c00 	.word	0x40012c00
 8000dcc:	40002000 	.word	0x40002000
 8000dd0:	40014800 	.word	0x40014800

08000dd4 <timer_enable>:
 8000dd4:	6803      	ldr	r3, [r0, #0]
 8000dd6:	f043 0301 	orr.w	r3, r3, #1
 8000dda:	6003      	str	r3, [r0, #0]
 8000ddc:	4770      	bx	lr
	...

08000de0 <usart_deinit>:
 8000de0:	b508      	push	{r3, lr}
 8000de2:	4b0c      	ldr	r3, [pc, #48]	@ (8000e14 <usart_deinit+0x34>)
 8000de4:	4298      	cmp	r0, r3
 8000de6:	d00d      	beq.n	8000e04 <usart_deinit+0x24>
 8000de8:	f503 4374 	add.w	r3, r3, #62464	@ 0xf400
 8000dec:	4298      	cmp	r0, r3
 8000dee:	d110      	bne.n	8000e12 <usart_deinit+0x32>
 8000df0:	f240 300e 	movw	r0, #782	@ 0x30e
 8000df4:	f7ff fe99 	bl	8000b2a <rcu_periph_reset_enable>
 8000df8:	f240 300e 	movw	r0, #782	@ 0x30e
 8000dfc:	e8bd 4008 	ldmia.w	sp!, {r3, lr}
 8000e00:	f7ff be95 	b.w	8000b2e <rcu_periph_reset_disable>
 8000e04:	f240 4011 	movw	r0, #1041	@ 0x411
 8000e08:	f7ff fe8f 	bl	8000b2a <rcu_periph_reset_enable>
 8000e0c:	f240 4011 	movw	r0, #1041	@ 0x411
 8000e10:	e7f4      	b.n	8000dfc <usart_deinit+0x1c>
 8000e12:	bd08      	pop	{r3, pc}
 8000e14:	40004400 	.word	0x40004400

08000e18 <usart_baudrate_set>:
 8000e18:	b538      	push	{r3, r4, r5, lr}
 8000e1a:	4b13      	ldr	r3, [pc, #76]	@ (8000e68 <usart_baudrate_set+0x50>)
 8000e1c:	4604      	mov	r4, r0
 8000e1e:	4298      	cmp	r0, r3
 8000e20:	460d      	mov	r5, r1
 8000e22:	d017      	beq.n	8000e54 <usart_baudrate_set+0x3c>
 8000e24:	f503 4374 	add.w	r3, r3, #62464	@ 0xf400
 8000e28:	4298      	cmp	r0, r3
 8000e2a:	d115      	bne.n	8000e58 <usart_baudrate_set+0x40>
 8000e2c:	2006      	movs	r0, #6
 8000e2e:	f7ff fe81 	bl	8000b34 <rcu_clock_freq_get>
 8000e32:	6822      	ldr	r2, [r4, #0]
 8000e34:	086b      	lsrs	r3, r5, #1
 8000e36:	0412      	lsls	r2, r2, #16
 8000e38:	d510      	bpl.n	8000e5c <usart_baudrate_set+0x44>
 8000e3a:	eb03 0340 	add.w	r3, r3, r0, lsl #1
 8000e3e:	fbb3 f1f5 	udiv	r1, r3, r5
 8000e42:	f3c1 0342 	ubfx	r3, r1, #1, #3
 8000e46:	f021 010f 	bic.w	r1, r1, #15
 8000e4a:	0409      	lsls	r1, r1, #16
 8000e4c:	0c09      	lsrs	r1, r1, #16
 8000e4e:	430b      	orrs	r3, r1
 8000e50:	60e3      	str	r3, [r4, #12]
 8000e52:	bd38      	pop	{r3, r4, r5, pc}
 8000e54:	2002      	movs	r0, #2
 8000e56:	e7ea      	b.n	8000e2e <usart_baudrate_set+0x16>
 8000e58:	2000      	movs	r0, #0
 8000e5a:	e7ea      	b.n	8000e32 <usart_baudrate_set+0x1a>
 8000e5c:	4403      	add	r3, r0
 8000e5e:	fbb3 f3f5 	udiv	r3, r3, r5
 8000e62:	b29b      	uxth	r3, r3
 8000e64:	e7f4      	b.n	8000e50 <usart_baudrate_set+0x38>
 8000e66:	bf00      	nop
 8000e68:	40004400 	.word	0x40004400

08000e6c <usart_parity_config>:
 8000e6c:	6803      	ldr	r3, [r0, #0]
 8000e6e:	f023 0301 	bic.w	r3, r3, #1
 8000e72:	6003      	str	r3, [r0, #0]
 8000e74:	6803      	ldr	r3, [r0, #0]
 8000e76:	f423 63c0 	bic.w	r3, r3, #1536	@ 0x600
 8000e7a:	6003      	str	r3, [r0, #0]
 8000e7c:	6803      	ldr	r3, [r0, #0]
 8000e7e:	430b      	orrs	r3, r1
 8000e80:	6003      	str	r3, [r0, #0]
 8000e82:	4770      	bx	lr

08000e84 <usart_word_length_set>:
 8000e84:	6803      	ldr	r3, [r0, #0]
 8000e86:	f023 0301 	bic.w	r3, r3, #1
 8000e8a:	6003      	str	r3, [r0, #0]
 8000e8c:	6803      	ldr	r3, [r0, #0]
 8000e8e:	f423 5380 	bic.w	r3, r3, #4096	@ 0x1000
 8000e92:	6003      	str	r3, [r0, #0]
 8000e94:	6803      	ldr	r3, [r0, #0]
 8000e96:	430b      	orrs	r3, r1
 8000e98:	6003      	str	r3, [r0, #0]
 8000e9a:	4770      	bx	lr

08000e9c <usart_stop_bit_set>:
 8000e9c:	6803      	ldr	r3, [r0, #0]
 8000e9e:	f023 0301 	bic.w	r3, r3, #1
 8000ea2:	6003      	str	r3, [r0, #0]
 8000ea4:	6843      	ldr	r3, [r0, #4]
 8000ea6:	f423 5340 	bic.w	r3, r3, #12288	@ 0x3000
 8000eaa:	6043      	str	r3, [r0, #4]
 8000eac:	6843      	ldr	r3, [r0, #4]
 8000eae:	430b      	orrs	r3, r1
 8000eb0:	6043      	str	r3, [r0, #4]
 8000eb2:	4770      	bx	lr

08000eb4 <usart_enable>:
 8000eb4:	6803      	ldr	r3, [r0, #0]
 8000eb6:	f043 0301 	orr.w	r3, r3, #1
 8000eba:	6003      	str	r3, [r0, #0]
 8000ebc:	4770      	bx	lr

08000ebe <usart_transmit_config>:
 8000ebe:	6803      	ldr	r3, [r0, #0]
 8000ec0:	f023 0308 	bic.w	r3, r3, #8
 8000ec4:	6003      	str	r3, [r0, #0]
 8000ec6:	6803      	ldr	r3, [r0, #0]
 8000ec8:	430b      	orrs	r3, r1
 8000eca:	6003      	str	r3, [r0, #0]
 8000ecc:	4770      	bx	lr

08000ece <usart_receive_config>:
 8000ece:	6803      	ldr	r3, [r0, #0]
 8000ed0:	f023 0304 	bic.w	r3, r3, #4
 8000ed4:	6003      	str	r3, [r0, #0]
 8000ed6:	6803      	ldr	r3, [r0, #0]
 8000ed8:	430b      	orrs	r3, r1
 8000eda:	6003      	str	r3, [r0, #0]
 8000edc:	4770      	bx	lr

08000ede <usart_data_transmit>:
 8000ede:	f3c1 0108 	ubfx	r1, r1, #0, #9
 8000ee2:	6281      	str	r1, [r0, #40]	@ 0x28
 8000ee4:	4770      	bx	lr

08000ee6 <usart_data_receive>:
 8000ee6:	6a40      	ldr	r0, [r0, #36]	@ 0x24
 8000ee8:	f3c0 0008 	ubfx	r0, r0, #0, #9
 8000eec:	4770      	bx	lr

08000eee <usart_flag_get>:
 8000eee:	098b      	lsrs	r3, r1, #6
 8000ef0:	5818      	ldr	r0, [r3, r0]
 8000ef2:	f001 011f 	and.w	r1, r1, #31
 8000ef6:	40c8      	lsrs	r0, r1
 8000ef8:	f000 0001 	and.w	r0, r0, #1
 8000efc:	4770      	bx	lr
	...

08000f00 <_init>:
 8000f00:	b5f8      	push	{r3, r4, r5, r6, r7, lr}
 8000f02:	bf00      	nop
 8000f04:	bcf8      	pop	{r3, r4, r5, r6, r7}
 8000f06:	bc08      	pop	{r3}
 8000f08:	469e      	mov	lr, r3
 8000f0a:	4770      	bx	lr

08000f0c <_fini>:
 8000f0c:	b5f8      	push	{r3, r4, r5, r6, r7, lr}
 8000f0e:	bf00      	nop
 8000f10:	bcf8      	pop	{r3, r4, r5, r6, r7}
 8000f12:	bc08      	pop	{r3}
 8000f14:	469e      	mov	lr, r3
 8000f16:	4770      	bx	lr
