Processing esp32_drive_coordinator (platform: https://github.com/platformio/platform-espressif32.git#v6.13.0; board: esp32dev; framework: arduino)
--------------------------------------------------------------------------------
Verbose mode can be enabled via `-v, --verbose` option
CONFIGURATION: https://docs.platformio.org/page/boards/espressif32/esp32dev.html
PLATFORM: Espressif 32 (6.13.0+sha.3988de3) > Espressif ESP32 Dev Module
HARDWARE: ESP32 240MHz, 320KB RAM, 4MB Flash
DEBUG: Current (cmsis-dap) External (cmsis-dap, esp-bridge, esp-prog, iot-bus-jtag, jlink, minimodule, olimex-arm-usb-ocd, olimex-arm-usb-ocd-h, olimex-arm-usb-tiny-h, olimex-jtag-tiny, tumpa)
PACKAGES: 
 - framework-arduinoespressif32 @ 2.0.17+sha.5e19e08 
 - tool-esptoolpy @ 2.41100.0 (4.11.0) 
 - toolchain-xtensa-esp32 @ 8.4.0+2021r2-patch5
LDF: Library Dependency Finder -> https://bit.ly/configure-pio-ldf
LDF Modes: Finder ~ chain, Compatibility ~ soft
Found 33 compatible libraries
Scanning dependencies...
Dependency Graph
|-- Wire @ 2.0.0
Building in release mode
Compiling .pio/build/esp32_drive_coordinator/src/firmware/esp32/control/command_arbiter.cpp.o
Compiling .pio/build/esp32_drive_coordinator/src/firmware/esp32/control/controller_fault_clear.cpp.o
Compiling .pio/build/esp32_drive_coordinator/src/firmware/esp32/control/differential_drive_mixer.cpp.o
Compiling .pio/build/esp32_drive_coordinator/src/firmware/esp32/control/drive_safety.cpp.o
Compiling .pio/build/esp32_drive_coordinator/src/firmware/esp32/control/motor_transport_metrics.cpp.o
Compiling .pio/build/esp32_drive_coordinator/src/firmware/esp32/control/serial_command_source.cpp.o
Compiling .pio/build/esp32_drive_coordinator/src/firmware/esp32/control/serial_messages.cpp.o
Compiling .pio/build/esp32_drive_coordinator/src/firmware/esp32/control/serial_protocol.cpp.o
Compiling .pio/build/esp32_drive_coordinator/src/firmware/esp32/drive_coordinator/main.cpp.o
Compiling .pio/build/esp32_drive_coordinator/src/firmware/gd32/boards/gausstop_dphc_v33/gausstop_swd_pulse.c.o
Compiling .pio/build/esp32_drive_coordinator/src/firmware/gd32/common/protocol/gs_frame_parser.c.o
Compiling .pio/build/esp32_drive_coordinator/src/firmware/gd32/common/protocol/gs_protocol.c.o
Building .pio/build/esp32_drive_coordinator/bootloader.bin
Generating partitions .pio/build/esp32_drive_coordinator/partitions.bin
Compiling .pio/build/esp32_drive_coordinator/lib395/Wire/Wire.cpp.o
Compiling .pio/build/esp32_drive_coordinator/FrameworkArduino/Esp.cpp.o
esptool.py v4.11.0
Creating esp32 image...
Merged 1 ELF section
Successfully created esp32 image.
Compiling .pio/build/esp32_drive_coordinator/FrameworkArduino/FirmwareMSC.cpp.o
Compiling .pio/build/esp32_drive_coordinator/FrameworkArduino/FunctionalInterrupt.cpp.o
Compiling .pio/build/esp32_drive_coordinator/FrameworkArduino/HWCDC.cpp.o
Compiling .pio/build/esp32_drive_coordinator/FrameworkArduino/HardwareSerial.cpp.o
Compiling .pio/build/esp32_drive_coordinator/FrameworkArduino/IPAddress.cpp.o
Compiling .pio/build/esp32_drive_coordinator/FrameworkArduino/IPv6Address.cpp.o
Compiling .pio/build/esp32_drive_coordinator/FrameworkArduino/MD5Builder.cpp.o
Compiling .pio/build/esp32_drive_coordinator/FrameworkArduino/Print.cpp.o
Compiling .pio/build/esp32_drive_coordinator/FrameworkArduino/Stream.cpp.o
Compiling .pio/build/esp32_drive_coordinator/FrameworkArduino/StreamString.cpp.o
Compiling .pio/build/esp32_drive_coordinator/FrameworkArduino/Tone.cpp.o
Archiving .pio/build/esp32_drive_coordinator/lib395/libWire.a
Compiling .pio/build/esp32_drive_coordinator/FrameworkArduino/USB.cpp.o
Compiling .pio/build/esp32_drive_coordinator/FrameworkArduino/USBCDC.cpp.o
Compiling .pio/build/esp32_drive_coordinator/FrameworkArduino/USBMSC.cpp.o
Compiling .pio/build/esp32_drive_coordinator/FrameworkArduino/WMath.cpp.o
Compiling .pio/build/esp32_drive_coordinator/FrameworkArduino/WString.cpp.o
Compiling .pio/build/esp32_drive_coordinator/FrameworkArduino/base64.cpp.o
Indexing .pio/build/esp32_drive_coordinator/lib395/libWire.a
Compiling .pio/build/esp32_drive_coordinator/FrameworkArduino/cbuf.cpp.o
Compiling .pio/build/esp32_drive_coordinator/FrameworkArduino/esp32-hal-adc.c.o
Compiling .pio/build/esp32_drive_coordinator/FrameworkArduino/esp32-hal-bt.c.o
Compiling .pio/build/esp32_drive_coordinator/FrameworkArduino/esp32-hal-cpu.c.o
Compiling .pio/build/esp32_drive_coordinator/FrameworkArduino/esp32-hal-dac.c.o
Compiling .pio/build/esp32_drive_coordinator/FrameworkArduino/esp32-hal-gpio.c.o
Compiling .pio/build/esp32_drive_coordinator/FrameworkArduino/esp32-hal-i2c-slave.c.o
Compiling .pio/build/esp32_drive_coordinator/FrameworkArduino/esp32-hal-i2c.c.o
Compiling .pio/build/esp32_drive_coordinator/FrameworkArduino/esp32-hal-ledc.c.o
Compiling .pio/build/esp32_drive_coordinator/FrameworkArduino/esp32-hal-matrix.c.o
Compiling .pio/build/esp32_drive_coordinator/FrameworkArduino/esp32-hal-misc.c.o
Compiling .pio/build/esp32_drive_coordinator/FrameworkArduino/esp32-hal-psram.c.o
Compiling .pio/build/esp32_drive_coordinator/FrameworkArduino/esp32-hal-rgb-led.c.o
Compiling .pio/build/esp32_drive_coordinator/FrameworkArduino/esp32-hal-rmt.c.o
Compiling .pio/build/esp32_drive_coordinator/FrameworkArduino/esp32-hal-sigmadelta.c.o
Compiling .pio/build/esp32_drive_coordinator/FrameworkArduino/esp32-hal-spi.c.o
Compiling .pio/build/esp32_drive_coordinator/FrameworkArduino/esp32-hal-time.c.o
Compiling .pio/build/esp32_drive_coordinator/FrameworkArduino/esp32-hal-timer.c.o
Compiling .pio/build/esp32_drive_coordinator/FrameworkArduino/esp32-hal-tinyusb.c.o
Compiling .pio/build/esp32_drive_coordinator/FrameworkArduino/esp32-hal-touch.c.o
Compiling .pio/build/esp32_drive_coordinator/FrameworkArduino/esp32-hal-uart.c.o
Compiling .pio/build/esp32_drive_coordinator/FrameworkArduino/firmware_msc_fat.c.o
Compiling .pio/build/esp32_drive_coordinator/FrameworkArduino/libb64/cdecode.c.o
Compiling .pio/build/esp32_drive_coordinator/FrameworkArduino/libb64/cencode.c.o
Compiling .pio/build/esp32_drive_coordinator/FrameworkArduino/main.cpp.o
Compiling .pio/build/esp32_drive_coordinator/FrameworkArduino/stdlib_noniso.c.o
Compiling .pio/build/esp32_drive_coordinator/FrameworkArduino/wiring_pulse.c.o
Compiling .pio/build/esp32_drive_coordinator/FrameworkArduino/wiring_shift.c.o
Archiving .pio/build/esp32_drive_coordinator/libFrameworkArduino.a
Indexing .pio/build/esp32_drive_coordinator/libFrameworkArduino.a
Linking .pio/build/esp32_drive_coordinator/firmware.elf
Retrieving maximum program size .pio/build/esp32_drive_coordinator/firmware.elf
Checking size .pio/build/esp32_drive_coordinator/firmware.elf
Advanced Memory Usage is available via "PlatformIO Home > Project Inspect"
RAM:   [=         ]   7.2% (used 23564 bytes from 327680 bytes)
Flash: [==        ]  23.6% (used 309729 bytes from 1310720 bytes)
Building .pio/build/esp32_drive_coordinator/firmware.bin
esptool.py v4.11.0
Creating esp32 image...
Merged 2 ELF sections
Successfully created esp32 image.
copy_esp32_boot_app0([".pio/build/esp32_drive_coordinator/firmware.bin"], [".pio/build/esp32_drive_coordinator/firmware.elf"])
========================= [SUCCESS] Took 9.25 seconds =========================
